Archive member included to satisfy reference by file (symbol)

C:/ST/STM32CubeIDE_1.15.1/STM32CubeIDE/plugins/com.st.stm32cube.ide.mcu.externaltools.gnu-tools-for-stm32.12.3.rel1.win32_1.0.200.202406191623/tools/bin/../lib/gcc/arm-none-eabi/12.3.1/../../../../arm-none-eabi/lib/thumb/v7e-m+fp/hard\libc_nano.a(libc_a-exit.o)
                              C:/ST/STM32CubeIDE_1.15.1/STM32CubeIDE/plugins/com.st.stm32cube.ide.mcu.externaltools.gnu-tools-for-stm32.12.3.rel1.win32_1.0.200.202406191623/tools/bin/../lib/gcc/arm-none-eabi/12.3.1/../../../../arm-none-eabi/lib/thumb/v7e-m+fp/hard/crt0.o (exit)
C:/ST/STM32CubeIDE_1.15.1/STM32CubeIDE/plugins/com.st.stm32cube.ide.mcu.externaltools.gnu-tools-for-stm32.12.3.rel1.win32_1.0.200.202406191623/tools/bin/../lib/gcc/arm-none-eabi/12.3.1/../../../../arm-none-eabi/lib/thumb/v7e-m+fp/hard\libc_nano.a(libc_a-malloc.o)
                              ./Core/Src/KEY.o (malloc)
C:/ST/STM32CubeIDE_1.15.1/STM32CubeIDE/plugins/com.st.stm32cube.ide.mcu.externaltools.gnu-tools-for-stm32.12.3.rel1.win32_1.0.200.202406191623/tools/bin/../lib/gcc/arm-none-eabi/12.3.1/../../../../arm-none-eabi/lib/thumb/v7e-m+fp/hard\libc_nano.a(libc_a-mallocr.o)
                              C:/ST/STM32CubeIDE_1.15.1/STM32CubeIDE/plugins/com.st.stm32cube.ide.mcu.externaltools.gnu-tools-for-stm32.12.3.rel1.win32_1.0.200.202406191623/tools/bin/../lib/gcc/arm-none-eabi/12.3.1/../../../../arm-none-eabi/lib/thumb/v7e-m+fp/hard\libc_nano.a(libc_a-malloc.o) (_malloc_r)
C:/ST/STM32CubeIDE_1.15.1/STM32CubeIDE/plugins/com.st.stm32cube.ide.mcu.externaltools.gnu-tools-for-stm32.12.3.rel1.win32_1.0.200.202406191623/tools/bin/../lib/gcc/arm-none-eabi/12.3.1/../../../../arm-none-eabi/lib/thumb/v7e-m+fp/hard\libc_nano.a(libc_a-mlock.o)
                              C:/ST/STM32CubeIDE_1.15.1/STM32CubeIDE/plugins/com.st.stm32cube.ide.mcu.externaltools.gnu-tools-for-stm32.12.3.rel1.win32_1.0.200.202406191623/tools/bin/../lib/gcc/arm-none-eabi/12.3.1/../../../../arm-none-eabi/lib/thumb/v7e-m+fp/hard\libc_nano.a(libc_a-mallocr.o) (__malloc_lock)
C:/ST/STM32CubeIDE_1.15.1/STM32CubeIDE/plugins/com.st.stm32cube.ide.mcu.externaltools.gnu-tools-for-stm32.12.3.rel1.win32_1.0.200.202406191623/tools/bin/../lib/gcc/arm-none-eabi/12.3.1/../../../../arm-none-eabi/lib/thumb/v7e-m+fp/hard\libc_nano.a(libc_a-findfp.o)
                              C:/ST/STM32CubeIDE_1.15.1/STM32CubeIDE/plugins/com.st.stm32cube.ide.mcu.externaltools.gnu-tools-for-stm32.12.3.rel1.win32_1.0.200.202406191623/tools/bin/../lib/gcc/arm-none-eabi/12.3.1/../../../../arm-none-eabi/lib/thumb/v7e-m+fp/hard\libc_nano.a(libc_a-exit.o) (__stdio_exit_handler)
C:/ST/STM32CubeIDE_1.15.1/STM32CubeIDE/plugins/com.st.stm32cube.ide.mcu.externaltools.gnu-tools-for-stm32.12.3.rel1.win32_1.0.200.202406191623/tools/bin/../lib/gcc/arm-none-eabi/12.3.1/../../../../arm-none-eabi/lib/thumb/v7e-m+fp/hard\libc_nano.a(libc_a-fwalk.o)
                              C:/ST/STM32CubeIDE_1.15.1/STM32CubeIDE/plugins/com.st.stm32cube.ide.mcu.externaltools.gnu-tools-for-stm32.12.3.rel1.win32_1.0.200.202406191623/tools/bin/../lib/gcc/arm-none-eabi/12.3.1/../../../../arm-none-eabi/lib/thumb/v7e-m+fp/hard\libc_nano.a(libc_a-findfp.o) (_fwalk_sglue)
C:/ST/STM32CubeIDE_1.15.1/STM32CubeIDE/plugins/com.st.stm32cube.ide.mcu.externaltools.gnu-tools-for-stm32.12.3.rel1.win32_1.0.200.202406191623/tools/bin/../lib/gcc/arm-none-eabi/12.3.1/../../../../arm-none-eabi/lib/thumb/v7e-m+fp/hard\libc_nano.a(libc_a-printf.o)
                              ./E_ink_1_54/GUI/GUI_Paint.o (printf)
C:/ST/STM32CubeIDE_1.15.1/STM32CubeIDE/plugins/com.st.stm32cube.ide.mcu.externaltools.gnu-tools-for-stm32.12.3.rel1.win32_1.0.200.202406191623/tools/bin/../lib/gcc/arm-none-eabi/12.3.1/../../../../arm-none-eabi/lib/thumb/v7e-m+fp/hard\libc_nano.a(libc_a-puts.o)
                              ./E_ink_1_54/Examples/EPD_1in54_V2_test.o (puts)
C:/ST/STM32CubeIDE_1.15.1/STM32CubeIDE/plugins/com.st.stm32cube.ide.mcu.externaltools.gnu-tools-for-stm32.12.3.rel1.win32_1.0.200.202406191623/tools/bin/../lib/gcc/arm-none-eabi/12.3.1/../../../../arm-none-eabi/lib/thumb/v7e-m+fp/hard\libc_nano.a(libc_a-sprintf.o)
                              ./Core/Src/stm32f4xx_it.o (sprintf)
C:/ST/STM32CubeIDE_1.15.1/STM32CubeIDE/plugins/com.st.stm32cube.ide.mcu.externaltools.gnu-tools-for-stm32.12.3.rel1.win32_1.0.200.202406191623/tools/bin/../lib/gcc/arm-none-eabi/12.3.1/../../../../arm-none-eabi/lib/thumb/v7e-m+fp/hard\libc_nano.a(libc_a-stdio.o)
                              C:/ST/STM32CubeIDE_1.15.1/STM32CubeIDE/plugins/com.st.stm32cube.ide.mcu.externaltools.gnu-tools-for-stm32.12.3.rel1.win32_1.0.200.202406191623/tools/bin/../lib/gcc/arm-none-eabi/12.3.1/../../../../arm-none-eabi/lib/thumb/v7e-m+fp/hard\libc_nano.a(libc_a-findfp.o) (__sread)
[...]
Memory Configuration

Name             Origin             Length             Attributes
RAM              0x20000000         0x00020000         xrw
FLASH            0x08000000         0x00080000         xr
*default*        0x00000000         0xffffffff

Linker script and memory map

LOAD C:/ST/STM32CubeIDE_1.15.1/STM32CubeIDE/plugins/com.st.stm32cube.ide.mcu.externaltools.gnu-tools-for-stm32.12.3.rel1.win32_1.0.200.202406191623/tools/bin/../lib/gcc/arm-none-eabi/12.3.1/thumb/v7e-m+fp/hard/crti.o
LOAD C:/ST/STM32CubeIDE_1.15.1/STM32CubeIDE/plugins/com.st.stm32cube.ide.mcu.externaltools.gnu-tools-for-stm32.12.3.rel1.win32_1.0.200.202406191623/tools/bin/../lib/gcc/arm-none-eabi/12.3.1/thumb/v7e-m+fp/hard/crtbegin.o
LOAD C:/ST/STM32CubeIDE_1.15.1/STM32CubeIDE/plugins/com.st.stm32cube.ide.mcu.externaltools.gnu-tools-for-stm32.12.3.rel1.win32_1.0.200.202406191623/tools/bin/../lib/gcc/arm-none-eabi/12.3.1/../../../../arm-none-eabi/lib/thumb/v7e-m+fp/hard/crt0.o
LOAD ./Core/Src/KEY.o
LOAD ./Core/Src/main.o
LOAD ./Core/Src/stm32f4xx_hal_msp.o
LOAD ./Core/Src/stm32f4xx_it.o
LOAD ./Core/Src/syscalls.o
LOAD ./Core/Src/sysmem.o
LOAD ./Core/Src/system_stm32f4xx.o
LOAD ./Core/Startup/startup_stm32f411ceux.o
LOAD ./Drivers/STM32F4xx_HAL_Driver/Src/stm32f4xx_hal.o
LOAD ./Drivers/STM32F4xx_HAL_Driver/Src/stm32f4xx_hal_cortex.o
LOAD ./Drivers/STM32F4xx_HAL_Driver/Src/stm32f4xx_hal_dma.o
LOAD ./Drivers/STM32F4xx_HAL_Driver/Src/stm32f4xx_hal_dma_ex.o
LOAD ./Drivers/STM32F4xx_HAL_Driver/Src/stm32f4xx_hal_exti.o
LOAD ./Drivers/STM32F4xx_HAL_Driver/Src/stm32f4xx_hal_flash.o
LOAD ./Drivers/STM32F4xx_HAL_Driver/Src/stm32f4xx_hal_flash_ex.o
LOAD ./Drivers/STM32F4xx_HAL_Driver/Src/stm32f4xx_hal_flash_ramfunc.o
LOAD ./Drivers/STM32F4xx_HAL_Driver/Src/stm32f4xx_hal_gpio.o
LOAD ./Drivers/STM32F4xx_HAL_Driver/Src/stm32f4xx_hal_pwr.o
LOAD ./Drivers/STM32F4xx_HAL_Driver/Src/stm32f4xx_hal_pwr_ex.o
LOAD ./Drivers/STM32F4xx_HAL_Driver/Src/stm32f4xx_hal_rcc.o
LOAD ./Drivers/STM32F4xx_HAL_Driver/Src/stm32f4xx_hal_rcc_ex.o
LOAD ./Drivers/STM32F4xx_HAL_Driver/Src/stm32f4xx_hal_spi.o
LOAD ./Drivers/STM32F4xx_HAL_Driver/Src/stm32f4xx_hal_tim.o
LOAD ./Drivers/STM32F4xx_HAL_Driver/Src/stm32f4xx_hal_tim_ex.o
LOAD ./Drivers/STM32F4xx_HAL_Driver/Src/stm32f4xx_hal_uart.o
LOAD ./E_ink_1_54/Config/DEV_Config.o
LOAD ./E_ink_1_54/Examples/EPD_1in54_V2_test.o
LOAD ./E_ink_1_54/Examples/ImageData.o
LOAD ./E_ink_1_54/Fonts/font12.o
LOAD ./E_ink_1_54/Fonts/font12CN.o
LOAD ./E_ink_1_54/Fonts/font16.o
LOAD ./E_ink_1_54/Fonts/font20.o
LOAD ./E_ink_1_54/Fonts/font24.o
LOAD ./E_ink_1_54/Fonts/font24CN.o
LOAD ./E_ink_1_54/Fonts/font8.o
LOAD ./E_ink_1_54/GUI/GUI_Paint.o
LOAD ./E_ink_1_54/e-Paper/EPD_1in54_V2.o
START GROUP
LOAD C:/ST/STM32CubeIDE_1.15.1/STM32CubeIDE/plugins/com.st.stm32cube.ide.mcu.externaltools.gnu-tools-for-stm32.12.3.rel1.win32_1.0.200.202406191623/tools/bin/../lib/gcc/arm-none-eabi/12.3.1/../../../../arm-none-eabi/lib/thumb/v7e-m+fp/hard\libc_nano.a
LOAD C:/ST/STM32CubeIDE_1.15.1/STM32CubeIDE/plugins/com.st.stm32cube.ide.mcu.externaltools.gnu-tools-for-stm32.12.3.rel1.win32_1.0.200.202406191623/tools/bin/../lib/gcc/arm-none-eabi/12.3.1/../../../../arm-none-eabi/lib/thumb/v7e-m+fp/hard\libm.a
END GROUP
START GROUP
LOAD C:/ST/STM32CubeIDE_1.15.1/STM32CubeIDE/plugins/com.st.stm32cube.ide.mcu.externaltools.gnu-tools-for-stm32.12.3.rel1.win32_1.0.200.202406191623/tools/bin/../lib/gcc/arm-none-eabi/12.3.1/thumb/v7e-m+fp/hard\libgcc.a
LOAD C:/ST/STM32CubeIDE_1.15.1/STM32CubeIDE/plugins/com.st.stm32cube.ide.mcu.externaltools.gnu-tools-for-stm32.12.3.rel1.win32_1.0.200.202406191623/tools/bin/../lib/gcc/arm-none-eabi/12.3.1/../../../../arm-none-eabi/lib/thumb/v7e-m+fp/hard\libc_nano.a
END GROUP
START GROUP
LOAD C:/ST/STM32CubeIDE_1.15.1/STM32CubeIDE/plugins/com.st.stm32cube.ide.mcu.externaltools.gnu-tools-for-stm32.12.3.rel1.win32_1.0.200.202406191623/tools/bin/../lib/gcc/arm-none-eabi/12.3.1/thumb/v7e-m+fp/hard\libgcc.a
LOAD C:/ST/STM32CubeIDE_1.15.1/STM32CubeIDE/plugins/com.st.stm32cube.ide.mcu.externaltools.gnu-tools-for-stm32.12.3.rel1.win32_1.0.200.202406191623/tools/bin/../lib/gcc/arm-none-eabi/12.3.1/../../../../arm-none-eabi/lib/thumb/v7e-m+fp/hard\libc_nano.a
LOAD C:/ST/STM32CubeIDE_1.15.1/STM32CubeIDE/plugins/com.st.stm32cube.ide.mcu.externaltools.gnu-tools-for-stm32.12.3.rel1.win32_1.0.200.202406191623/tools/bin/../lib/gcc/arm-none-eabi/12.3.1/../../../../arm-none-eabi/lib/thumb/v7e-m+fp/hard\libnosys.a
END GROUP
START GROUP
LOAD C:/ST/STM32CubeIDE_1.15.1/STM32CubeIDE/plugins/com.st.stm32cube.ide.mcu.externaltools.gnu-tools-for-stm32.12.3.rel1.win32_1.0.200.202406191623/tools/bin/../lib/gcc/arm-none-eabi/12.3.1/thumb/v7e-m+fp/hard\libgcc.a
LOAD C:/ST/STM32CubeIDE_1.15.1/STM32CubeIDE/plugins/com.st.stm32cube.ide.mcu.externaltools.gnu-tools-for-stm32.12.3.rel1.win32_1.0.200.202406191623/tools/bin/../lib/gcc/arm-none-eabi/12.3.1/../../../../arm-none-eabi/lib/thumb/v7e-m+fp/hard\libc_nano.a
LOAD C:/ST/STM32CubeIDE_1.15.1/STM32CubeIDE/plugins/com.st.stm32cube.ide.mcu.externaltools.gnu-tools-for-stm32.12.3.rel1.win32_1.0.200.202406191623/tools/bin/../lib/gcc/arm-none-eabi/12.3.1/../../../../arm-none-eabi/lib/thumb/v7e-m+fp/hard\libnosys.a
END GROUP
LOAD C:/ST/STM32CubeIDE_1.15.1/STM32CubeIDE/plugins/com.st.stm32cube.ide.mcu.externaltools.gnu-tools-for-stm32.12.3.rel1.win32_1.0.200.202406191623/tools/bin/../lib/gcc/arm-none-eabi/12.3.1/thumb/v7e-m+fp/hard/crtend.o
LOAD C:/ST/STM32CubeIDE_1.15.1/STM32CubeIDE/plugins/com.st.stm32cube.ide.mcu.externaltools.gnu-tools-for-stm32.12.3.rel1.win32_1.0.200.202406191623/tools/bin/../lib/gcc/arm-none-eabi/12.3.1/thumb/v7e-m+fp/hard/crtn.o
                0x20020000                        _estack = (ORIGIN (RAM) + LENGTH (RAM))
                0x00000200                        _Min_Heap_Size = 0x200
                0x00000400                        _Min_Stack_Size = 0x400

.isr_vector     0x08000000      0x198
                0x08000000                        . = ALIGN (0x4)
 *(.isr_vector)
 .isr_vector    0x08000000      0x198 ./Core/Startup/startup_stm32f411ceux.o
                0x08000000                g_pfnVectors
                0x08000198                        . = ALIGN (0x4)

.text           0x080001a0     0x6218
                0x080001a0                        . = ALIGN (0x4)
 *(.text)
 .text          0x080001a0       0x40 C:/ST/STM32CubeIDE_1.15.1/STM32CubeIDE/plugins/com.st.stm32cube.ide.mcu.externaltools.gnu-tools-for-stm32.12.3.rel1.win32_1.0.200.202406191623/tools/bin/../lib/gcc/arm-none-eabi/12.3.1/thumb/v7e-m+fp/hard/crtbegin.o
 .text          0x080001e0       0xa0 C:/ST/STM32CubeIDE_1.15.1/STM32CubeIDE/plugins/com.st.stm32cube.ide.mcu.externaltools.gnu-tools-for-stm32.12.3.rel1.win32_1.0.200.202406191623/tools/bin/../lib/gcc/arm-none-eabi/12.3.1/../../../../arm-none-eabi/lib/thumb/v7e-m+fp/hard\libc_nano.a(libc_a-memchr.o)
                0x080001e0                memchr
 .text          0x08000280       0x30 C:/ST/STM32CubeIDE_1.15.1/STM32CubeIDE/plugins/com.st.stm32cube.ide.mcu.externaltools.gnu-tools-for-stm32.12.3.rel1.win32_1.0.200.202406191623/tools/bin/../lib/gcc/arm-none-eabi/12.3.1/thumb/v7e-m+fp/hard\libgcc.a(_aeabi_uldivmod.o)
                0x08000280                __aeabi_uldivmod
 .text          0x080002b0      0x2bc C:/ST/STM32CubeIDE_1.15.1/STM32CubeIDE/plugins/com.st.stm32cube.ide.mcu.externaltools.gnu-tools-for-stm32.12.3.rel1.win32_1.0.200.202406191623/tools/bin/../lib/gcc/arm-none-eabi/12.3.1/thumb/v7e-m+fp/hard\libgcc.a(_udivmoddi4.o)
                0x080002b0                __udivmoddi4
 .text          0x0800056c        0x4 C:/ST/STM32CubeIDE_1.15.1/STM32CubeIDE/plugins/com.st.stm32cube.ide.mcu.externaltools.gnu-tools-for-stm32.12.3.rel1.win32_1.0.200.202406191623/tools/bin/../lib/gcc/arm-none-eabi/12.3.1/thumb/v7e-m+fp/hard\libgcc.a(_dvmd_tls.o)
                0x0800056c                __aeabi_idiv0
                0x0800056c                __aeabi_ldiv0
 *(.text*)
 .text.KEY_Init
                0x08000570       0x8c ./Core/Src/KEY.o
                0x08000570                KEY_Init
 .text.KEY_Press_Button
                0x080005fc       0x9c ./Core/Src/KEY.o
                0x080005fc                KEY_Press_Button
 .text.KEY_Send_Command
                0x08000698       0x3c ./Core/Src/KEY.o
 .text.KEY_Request_state
                0x080006d4       0x24 ./Core/Src/KEY.o
                0x080006d4                KEY_Request_state
 .text.KEY_Event
                0x080006f8       0x5a ./Core/Src/KEY.o
                0x080006f8                KEY_Event
 *fill*         0x08000752        0x2 
 .text.KEY_Error_Handler
                0x08000754       0xe8 ./Core/Src/KEY.o
 .text.KEY_Flag_State_Handler
                0x0800083c      0x1d8 ./Core/Src/KEY.o
 .text.KEY_Data_Handler
                0x08000a14       0xa4 ./Core/Src/KEY.o
 .text.UART_Transmit
                0x08000ab8       0xb0 ./Core/Src/KEY.o
                0x08000ab8                UART_Transmit
 .text.__NVIC_EnableIRQ
                0x08000b68       0x3c ./Core/Src/main.o
 .text.__NVIC_DisableIRQ
                0x08000ba4       0x48 ./Core/Src/main.o
 .text.__NVIC_SetPriority
                0x08000bec       0x54 ./Core/Src/main.o
 .text.main     0x08000c40      0x1b8 ./Core/Src/main.o
                0x08000c40                main
 .text.SystemClock_Config
                0x08000df8       0xd0 ./Core/Src/main.o
                0x08000df8                SystemClock_Config
 .text.MX_SPI1_Init
                0x08000ec8       0x6c ./Core/Src/main.o
 .text.MX_TIM2_Init
                0x08000f34       0x9c ./Core/Src/main.o
 .text.MX_USART1_UART_Init
                0x08000fd0       0x54 ./Core/Src/main.o
 .text.MX_GPIO_Init
                0x08001024      0x274 ./Core/Src/main.o
 .text.Error_Handler
                0x08001298        0xc ./Core/Src/main.o
                0x08001298                Error_Handler
 .text.HAL_MspInit
                0x080012a4       0x50 ./Core/Src/stm32f4xx_hal_msp.o
                0x080012a4                HAL_MspInit
 .text.HAL_SPI_MspInit
                0x080012f4       0x90 ./Core/Src/stm32f4xx_hal_msp.o
                0x080012f4                HAL_SPI_MspInit
 .text.HAL_TIM_Base_MspInit
                0x08001384       0x4c ./Core/Src/stm32f4xx_hal_msp.o
                0x08001384                HAL_TIM_Base_MspInit
 .text.HAL_UART_MspInit
                0x080013d0       0xa0 ./Core/Src/stm32f4xx_hal_msp.o
                0x080013d0                HAL_UART_MspInit
 .text.__NVIC_EnableIRQ
                0x08001470       0x3c ./Core/Src/stm32f4xx_it.o
 .text.__NVIC_DisableIRQ
                0x080014ac       0x48 ./Core/Src/stm32f4xx_it.o
 .text.NMI_Handler
                0x080014f4        0x8 ./Core/Src/stm32f4xx_it.o
                0x080014f4                NMI_Handler
 .text.HardFault_Handler
                0x080014fc        0x8 ./Core/Src/stm32f4xx_it.o
                0x080014fc                HardFault_Handler
 .text.MemManage_Handler
                0x08001504        0x8 ./Core/Src/stm32f4xx_it.o
                0x08001504                MemManage_Handler
 .text.BusFault_Handler
                0x0800150c        0x8 ./Core/Src/stm32f4xx_it.o
                0x0800150c                BusFault_Handler
 .text.UsageFault_Handler
                0x08001514        0x8 ./Core/Src/stm32f4xx_it.o
                0x08001514                UsageFault_Handler
 .text.SVC_Handler
                0x0800151c        0xe ./Core/Src/stm32f4xx_it.o
                0x0800151c                SVC_Handler
 .text.DebugMon_Handler
                0x0800152a        0xe ./Core/Src/stm32f4xx_it.o
                0x0800152a                DebugMon_Handler
 .text.PendSV_Handler
                0x08001538        0xe ./Core/Src/stm32f4xx_it.o
                0x08001538                PendSV_Handler
 .text.SysTick_Handler
                0x08001546        0xc ./Core/Src/stm32f4xx_it.o
                0x08001546                SysTick_Handler
 *fill*         0x08001552        0x2 
 .text.TIM2_IRQHandler
                0x08001554      0x134 ./Core/Src/stm32f4xx_it.o
                0x08001554                TIM2_IRQHandler
 .text.USART1_IRQHandler
                0x08001688       0xd8 ./Core/Src/stm32f4xx_it.o
                0x08001688                USART1_IRQHandler
 .text.EXTI9_5_IRQHandler
                0x08001760       0x64 ./Core/Src/stm32f4xx_it.o
                0x08001760                EXTI9_5_IRQHandler
 .text.EXTI15_10_IRQHandler
                0x080017c4       0x64 ./Core/Src/stm32f4xx_it.o
                0x080017c4                EXTI15_10_IRQHandler
 .text.EXIT_Eink_of_sleep
                0x08001828       0x40 ./Core/Src/stm32f4xx_it.o
                0x08001828                EXIT_Eink_of_sleep
 .text.EXTI0_IRQHandler
                0x08001868       0x54 ./Core/Src/stm32f4xx_it.o
                0x08001868                EXTI0_IRQHandler
 .text._read    0x080018bc       0x3a ./Core/Src/syscalls.o
                0x080018bc                _read
 .text._write   0x080018f6       0x38 ./Core/Src/syscalls.o
                0x080018f6                _write
 .text._close   0x0800192e       0x18 ./Core/Src/syscalls.o
                0x0800192e                _close
 .text._fstat   0x08001946       0x20 ./Core/Src/syscalls.o
                0x08001946                _fstat
 .text._isatty  0x08001966       0x16 ./Core/Src/syscalls.o
                0x08001966                _isatty
 .text._lseek   0x0800197c       0x1a ./Core/Src/syscalls.o
                0x0800197c                _lseek
 *fill*         0x08001996        0x2 
 .text._sbrk    0x08001998       0x6c ./Core/Src/sysmem.o
                0x08001998                _sbrk
 .text.SystemInit
                0x08001a04       0x24 ./Core/Src/system_stm32f4xx.o
                0x08001a04                SystemInit
 .text.Reset_Handler
                0x08001a28       0x50 ./Core/Startup/startup_stm32f411ceux.o
                0x08001a28                Reset_Handler
 .text.Default_Handler
                0x08001a78        0x2 ./Core/Startup/startup_stm32f411ceux.o
                0x08001a78                RTC_Alarm_IRQHandler
                0x08001a78                EXTI2_IRQHandler
                0x08001a78                SPI4_IRQHandler
                0x08001a78                TIM1_CC_IRQHandler
                0x08001a78                DMA2_Stream5_IRQHandler
                0x08001a78                DMA1_Stream5_IRQHandler
                0x08001a78                PVD_IRQHandler
                0x08001a78                SDIO_IRQHandler
                0x08001a78                TAMP_STAMP_IRQHandler
                0x08001a78                EXTI3_IRQHandler
                0x08001a78                TIM1_UP_TIM10_IRQHandler
                0x08001a78                I2C3_ER_IRQHandler
                0x08001a78                I2C2_EV_IRQHandler
                0x08001a78                DMA1_Stream2_IRQHandler
                0x08001a78                FPU_IRQHandler
                0x08001a78                DMA2_Stream2_IRQHandler
                0x08001a78                SPI1_IRQHandler
                0x08001a78                TIM1_BRK_TIM9_IRQHandler
                0x08001a78                DMA2_Stream3_IRQHandler
                0x08001a78                USART6_IRQHandler
                0x08001a78                DMA2_Stream0_IRQHandler
                0x08001a78                TIM4_IRQHandler
                0x08001a78                I2C1_EV_IRQHandler
                0x08001a78                DMA1_Stream6_IRQHandler
                0x08001a78                DMA1_Stream1_IRQHandler
                0x08001a78                TIM3_IRQHandler
                0x08001a78                RCC_IRQHandler
                0x08001a78                Default_Handler
                0x08001a78                ADC_IRQHandler
                0x08001a78                DMA1_Stream7_IRQHandler
                0x08001a78                SPI5_IRQHandler
                0x08001a78                TIM5_IRQHandler
                0x08001a78                DMA2_Stream7_IRQHandler
                0x08001a78                I2C3_EV_IRQHandler
                0x08001a78                RTC_WKUP_IRQHandler
                0x08001a78                SPI2_IRQHandler
                0x08001a78                DMA1_Stream0_IRQHandler
                0x08001a78                EXTI4_IRQHandler
                0x08001a78                WWDG_IRQHandler
                0x08001a78                OTG_FS_WKUP_IRQHandler
                0x08001a78                TIM1_TRG_COM_TIM11_IRQHandler
                0x08001a78                EXTI1_IRQHandler
                0x08001a78                USART2_IRQHandler
                0x08001a78                I2C2_ER_IRQHandler
                0x08001a78                DMA2_Stream1_IRQHandler
                0x08001a78                FLASH_IRQHandler
                0x08001a78                DMA2_Stream4_IRQHandler
                0x08001a78                OTG_FS_IRQHandler
                0x08001a78                SPI3_IRQHandler
                0x08001a78                DMA1_Stream4_IRQHandler
                0x08001a78                I2C1_ER_IRQHandler
                0x08001a78                DMA2_Stream6_IRQHandler
                0x08001a78                DMA1_Stream3_IRQHandler
 *fill*         0x08001a7a        0x2 
 .text.HAL_Init
                0x08001a7c       0x44 ./Drivers/STM32F4xx_HAL_Driver/Src/stm32f4xx_hal.o
                0x08001a7c                HAL_Init
 .text.HAL_InitTick
                0x08001ac0       0x60 ./Drivers/STM32F4xx_HAL_Driver/Src/stm32f4xx_hal.o
                0x08001ac0                HAL_InitTick
 .text.HAL_IncTick
                0x08001b20       0x28 ./Drivers/STM32F4xx_HAL_Driver/Src/stm32f4xx_hal.o
                0x08001b20                HAL_IncTick
 .text.HAL_GetTick
                0x08001b48       0x18 ./Drivers/STM32F4xx_HAL_Driver/Src/stm32f4xx_hal.o
                0x08001b48                HAL_GetTick
 .text.HAL_Delay
                0x08001b60       0x48 ./Drivers/STM32F4xx_HAL_Driver/Src/stm32f4xx_hal.o
                0x08001b60                HAL_Delay
 .text.__NVIC_SetPriorityGrouping
                0x08001ba8       0x48 ./Drivers/STM32F4xx_HAL_Driver/Src/stm32f4xx_hal_cortex.o
 .text.__NVIC_GetPriorityGrouping
                0x08001bf0       0x1c ./Drivers/STM32F4xx_HAL_Driver/Src/stm32f4xx_hal_cortex.o
 .text.__NVIC_EnableIRQ
                0x08001c0c       0x3c ./Drivers/STM32F4xx_HAL_Driver/Src/stm32f4xx_hal_cortex.o
 .text.__NVIC_SetPriority
                0x08001c48       0x54 ./Drivers/STM32F4xx_HAL_Driver/Src/stm32f4xx_hal_cortex.o
 .text.NVIC_EncodePriority
                0x08001c9c       0x66 ./Drivers/STM32F4xx_HAL_Driver/Src/stm32f4xx_hal_cortex.o
 *fill*         0x08001d02        0x2 
 .text.SysTick_Config
                0x08001d04       0x44 ./Drivers/STM32F4xx_HAL_Driver/Src/stm32f4xx_hal_cortex.o
 .text.HAL_NVIC_SetPriorityGrouping
                0x08001d48       0x16 ./Drivers/STM32F4xx_HAL_Driver/Src/stm32f4xx_hal_cortex.o
                0x08001d48                HAL_NVIC_SetPriorityGrouping
 .text.HAL_NVIC_SetPriority
                0x08001d5e       0x38 ./Drivers/STM32F4xx_HAL_Driver/Src/stm32f4xx_hal_cortex.o
                0x08001d5e                HAL_NVIC_SetPriority
 .text.HAL_NVIC_EnableIRQ
                0x08001d96       0x1c ./Drivers/STM32F4xx_HAL_Driver/Src/stm32f4xx_hal_cortex.o
                0x08001d96                HAL_NVIC_EnableIRQ
 .text.HAL_SYSTICK_Config
                0x08001db2       0x18 ./Drivers/STM32F4xx_HAL_Driver/Src/stm32f4xx_hal_cortex.o
                0x08001db2                HAL_SYSTICK_Config
 .text.HAL_DMA_Abort
                0x08001dca       0xe0 ./Drivers/STM32F4xx_HAL_Driver/Src/stm32f4xx_hal_dma.o
                0x08001dca                HAL_DMA_Abort
 .text.HAL_DMA_Abort_IT
                0x08001eaa       0x44 ./Drivers/STM32F4xx_HAL_Driver/Src/stm32f4xx_hal_dma.o
                0x08001eaa                HAL_DMA_Abort_IT
 *fill*         0x08001eee        0x2 
 .text.HAL_GPIO_Init
                0x08001ef0      0x308 ./Drivers/STM32F4xx_HAL_Driver/Src/stm32f4xx_hal_gpio.o
                0x08001ef0                HAL_GPIO_Init
 .text.HAL_GPIO_WritePin
                0x080021f8       0x32 ./Drivers/STM32F4xx_HAL_Driver/Src/stm32f4xx_hal_gpio.o
                0x080021f8                HAL_GPIO_WritePin
 *fill*         0x0800222a        0x2 
 .text.HAL_RCC_OscConfig
                0x0800222c      0x4f0 ./Drivers/STM32F4xx_HAL_Driver/Src/stm32f4xx_hal_rcc.o
                0x0800222c                HAL_RCC_OscConfig
 .text.HAL_RCC_ClockConfig
                0x0800271c      0x1cc ./Drivers/STM32F4xx_HAL_Driver/Src/stm32f4xx_hal_rcc.o
                0x0800271c                HAL_RCC_ClockConfig
 .text.HAL_RCC_GetSysClockFreq
                0x080028e8      0x18c ./Drivers/STM32F4xx_HAL_Driver/Src/stm32f4xx_hal_rcc.o
                0x080028e8                HAL_RCC_GetSysClockFreq
 .text.HAL_RCC_GetHCLKFreq
                0x08002a74       0x18 ./Drivers/STM32F4xx_HAL_Driver/Src/stm32f4xx_hal_rcc.o
                0x08002a74                HAL_RCC_GetHCLKFreq
 .text.HAL_RCC_GetPCLK1Freq
                0x08002a8c       0x28 ./Drivers/STM32F4xx_HAL_Driver/Src/stm32f4xx_hal_rcc.o
                0x08002a8c                HAL_RCC_GetPCLK1Freq
 .text.HAL_RCC_GetPCLK2Freq
                0x08002ab4       0x28 ./Drivers/STM32F4xx_HAL_Driver/Src/stm32f4xx_hal_rcc.o
                0x08002ab4                HAL_RCC_GetPCLK2Freq
 .text.HAL_SPI_Init
                0x08002adc      0x112 ./Drivers/STM32F4xx_HAL_Driver/Src/stm32f4xx_hal_spi.o
                0x08002adc                HAL_SPI_Init
 .text.HAL_SPI_Transmit
                0x08002bee      0x286 ./Drivers/STM32F4xx_HAL_Driver/Src/stm32f4xx_hal_spi.o
                0x08002bee                HAL_SPI_Transmit
 .text.SPI_WaitFlagStateUntilTimeout
                0x08002e74      0x110 ./Drivers/STM32F4xx_HAL_Driver/Src/stm32f4xx_hal_spi.o
 .text.SPI_EndRxTxTransaction
                0x08002f84       0xa8 ./Drivers/STM32F4xx_HAL_Driver/Src/stm32f4xx_hal_spi.o
 .text.HAL_TIM_Base_Init
                0x0800302c       0x9e ./Drivers/STM32F4xx_HAL_Driver/Src/stm32f4xx_hal_tim.o
                0x0800302c                HAL_TIM_Base_Init
 .text.HAL_TIM_IRQHandler
                0x080030ca      0x1e0 ./Drivers/STM32F4xx_HAL_Driver/Src/stm32f4xx_hal_tim.o
                0x080030ca                HAL_TIM_IRQHandler
 .text.HAL_TIM_ConfigClockSource
                0x080032aa      0x18e ./Drivers/STM32F4xx_HAL_Driver/Src/stm32f4xx_hal_tim.o
                0x080032aa                HAL_TIM_ConfigClockSource
 .text.HAL_TIM_PeriodElapsedCallback
                0x08003438       0x14 ./Drivers/STM32F4xx_HAL_Driver/Src/stm32f4xx_hal_tim.o
                0x08003438                HAL_TIM_PeriodElapsedCallback
 .text.HAL_TIM_OC_DelayElapsedCallback
                0x0800344c       0x14 ./Drivers/STM32F4xx_HAL_Driver/Src/stm32f4xx_hal_tim.o
                0x0800344c                HAL_TIM_OC_DelayElapsedCallback
 .text.HAL_TIM_IC_CaptureCallback
                0x08003460       0x14 ./Drivers/STM32F4xx_HAL_Driver/Src/stm32f4xx_hal_tim.o
                0x08003460                HAL_TIM_IC_CaptureCallback
 .text.HAL_TIM_PWM_PulseFinishedCallback
                0x08003474       0x14 ./Drivers/STM32F4xx_HAL_Driver/Src/stm32f4xx_hal_tim.o
                0x08003474                HAL_TIM_PWM_PulseFinishedCallback
 .text.HAL_TIM_TriggerCallback
                0x08003488       0x14 ./Drivers/STM32F4xx_HAL_Driver/Src/stm32f4xx_hal_tim.o
                0x08003488                HAL_TIM_TriggerCallback
 .text.TIM_Base_SetConfig
                0x0800349c      0x118 ./Drivers/STM32F4xx_HAL_Driver/Src/stm32f4xx_hal_tim.o
                0x0800349c                TIM_Base_SetConfig
 .text.TIM_TI1_ConfigInputStage
                0x080035b4       0x5e ./Drivers/STM32F4xx_HAL_Driver/Src/stm32f4xx_hal_tim.o
 .text.TIM_TI2_ConfigInputStage
                0x08003612       0x60 ./Drivers/STM32F4xx_HAL_Driver/Src/stm32f4xx_hal_tim.o
 .text.TIM_ITRx_SetConfig
                0x08003672       0x36 ./Drivers/STM32F4xx_HAL_Driver/Src/stm32f4xx_hal_tim.o
 .text.TIM_ETR_SetConfig
                0x080036a8       0x40 ./Drivers/STM32F4xx_HAL_Driver/Src/stm32f4xx_hal_tim.o
                0x080036a8                TIM_ETR_SetConfig
 .text.HAL_TIMEx_MasterConfigSynchronization
                0x080036e8       0xdc ./Drivers/STM32F4xx_HAL_Driver/Src/stm32f4xx_hal_tim_ex.o
                0x080036e8                HAL_TIMEx_MasterConfigSynchronization
 .text.HAL_TIMEx_CommutCallback
                0x080037c4       0x14 ./Drivers/STM32F4xx_HAL_Driver/Src/stm32f4xx_hal_tim_ex.o
                0x080037c4                HAL_TIMEx_CommutCallback
 .text.HAL_TIMEx_BreakCallback
                0x080037d8       0x14 ./Drivers/STM32F4xx_HAL_Driver/Src/stm32f4xx_hal_tim_ex.o
                0x080037d8                HAL_TIMEx_BreakCallback
 .text.HAL_UART_Init
                0x080037ec       0xa0 ./Drivers/STM32F4xx_HAL_Driver/Src/stm32f4xx_hal_uart.o
                0x080037ec                HAL_UART_Init
 .text.HAL_UART_IRQHandler
                0x0800388c      0x524 ./Drivers/STM32F4xx_HAL_Driver/Src/stm32f4xx_hal_uart.o
                0x0800388c                HAL_UART_IRQHandler
 .text.HAL_UART_TxCpltCallback
                0x08003db0       0x14 ./Drivers/STM32F4xx_HAL_Driver/Src/stm32f4xx_hal_uart.o
                0x08003db0                HAL_UART_TxCpltCallback
 .text.HAL_UART_RxCpltCallback
                0x08003dc4       0x14 ./Drivers/STM32F4xx_HAL_Driver/Src/stm32f4xx_hal_uart.o
                0x08003dc4                HAL_UART_RxCpltCallback
 .text.HAL_UART_ErrorCallback
                0x08003dd8       0x14 ./Drivers/STM32F4xx_HAL_Driver/Src/stm32f4xx_hal_uart.o
                0x08003dd8                HAL_UART_ErrorCallback
 .text.HAL_UARTEx_RxEventCallback
                0x08003dec       0x18 ./Drivers/STM32F4xx_HAL_Driver/Src/stm32f4xx_hal_uart.o
                0x08003dec                HAL_UARTEx_RxEventCallback
 .text.UART_EndRxTransfer
                0x08003e04       0xc6 ./Drivers/STM32F4xx_HAL_Driver/Src/stm32f4xx_hal_uart.o
 .text.UART_DMAAbortOnError
                0x08003eca       0x28 ./Drivers/STM32F4xx_HAL_Driver/Src/stm32f4xx_hal_uart.o
 .text.UART_Transmit_IT
                0x08003ef2       0xa0 ./Drivers/STM32F4xx_HAL_Driver/Src/stm32f4xx_hal_uart.o
 .text.UART_EndTransmit_IT
                0x08003f92       0x30 ./Drivers/STM32F4xx_HAL_Driver/Src/stm32f4xx_hal_uart.o
 .text.UART_Receive_IT
                0x08003fc2      0x17c ./Drivers/STM32F4xx_HAL_Driver/Src/stm32f4xx_hal_uart.o
 *fill*         0x0800413e        0x2 
 .text.UART_SetConfig
                0x08004140      0x4e8 ./Drivers/STM32F4xx_HAL_Driver/Src/stm32f4xx_hal_uart.o
 .text.DEV_SPI_WriteByte
                0x08004628       0x24 ./E_ink_1_54/Config/DEV_Config.o
                0x08004628                DEV_SPI_WriteByte
 .text.DEV_Module_Init
                0x0800464c       0x2c ./E_ink_1_54/Config/DEV_Config.o
                0x0800464c                DEV_Module_Init
 .text.DEV_Module_Exit
                0x08004678       0x2c ./E_ink_1_54/Config/DEV_Config.o
                0x08004678                DEV_Module_Exit
 .text.Paint_NewImage
                0x080046a4       0xac ./E_ink_1_54/GUI/GUI_Paint.o
                0x080046a4                Paint_NewImage
 .text.Paint_SelectImage
                0x08004750       0x20 ./E_ink_1_54/GUI/GUI_Paint.o
                0x08004750                Paint_SelectImage
 .text.Paint_SetPixel
                0x08004770      0x2a0 ./E_ink_1_54/GUI/GUI_Paint.o
                0x08004770                Paint_SetPixel
 .text.Paint_Clear
                0x08004a10      0x148 ./E_ink_1_54/GUI/GUI_Paint.o
                0x08004a10                Paint_Clear
 .text.Paint_ClearWindows
                0x08004b58       0x5c ./E_ink_1_54/GUI/GUI_Paint.o
                0x08004b58                Paint_ClearWindows
 .text.Paint_DrawChar
                0x08004bb4      0x14c ./E_ink_1_54/GUI/GUI_Paint.o
                0x08004bb4                Paint_DrawChar
 .text.Paint_DrawString_EN
                0x08004d00       0xa4 ./E_ink_1_54/GUI/GUI_Paint.o
                0x08004d00                Paint_DrawString_EN
 .text.EPD_1IN54_V2_Reset
                0x08004da4       0x3c ./E_ink_1_54/e-Paper/EPD_1in54_V2.o
 .text.EPD_1IN54_V2_SendCommand
                0x08004de0       0x3c ./E_ink_1_54/e-Paper/EPD_1in54_V2.o
 .text.EPD_1IN54_V2_SendData
                0x08004e1c       0x3c ./E_ink_1_54/e-Paper/EPD_1in54_V2.o
 .text.EPD_1IN54_V2_ReadBusy
                0x08004e58       0x38 ./E_ink_1_54/e-Paper/EPD_1in54_V2.o
                0x08004e58                EPD_1IN54_V2_ReadBusy
 .text.EPD_1IN54_V2_TurnOnDisplay
                0x08004e90       0x1e ./E_ink_1_54/e-Paper/EPD_1in54_V2.o
 .text.EPD_1IN54_V2_TurnOnDisplayPart
                0x08004eae       0x1e ./E_ink_1_54/e-Paper/EPD_1in54_V2.o
 .text.EPD_1IN54_V2_Lut
                0x08004ecc       0x3a ./E_ink_1_54/e-Paper/EPD_1in54_V2.o
 .text.EPD_1IN54_V2_SetLut
                0x08004f06       0x76 ./E_ink_1_54/e-Paper/EPD_1in54_V2.o
 .text.EPD_1IN54_V2_SetWindows
                0x08004f7c       0x7e ./E_ink_1_54/e-Paper/EPD_1in54_V2.o
 .text.EPD_1IN54_V2_SetCursor
                0x08004ffa       0x46 ./E_ink_1_54/e-Paper/EPD_1in54_V2.o
 .text.EPD_1IN54_V2_Init
                0x08005040       0x8c ./E_ink_1_54/e-Paper/EPD_1in54_V2.o
                0x08005040                EPD_1IN54_V2_Init
 .text.EPD_1IN54_V2_Init_Partial
                0x080050cc       0x80 ./E_ink_1_54/e-Paper/EPD_1in54_V2.o
                0x080050cc                EPD_1IN54_V2_Init_Partial
 .text.EPD_1IN54_V2_Clear
                0x0800514c       0x82 ./E_ink_1_54/e-Paper/EPD_1in54_V2.o
                0x0800514c                EPD_1IN54_V2_Clear
 .text.EPD_1IN54_V2_Display
                0x080051ce       0x6a ./E_ink_1_54/e-Paper/EPD_1in54_V2.o
                0x080051ce                EPD_1IN54_V2_Display
 .text.EPD_1IN54_V2_DisplayPartBaseImage
                0x08005238       0xb4 ./E_ink_1_54/e-Paper/EPD_1in54_V2.o
                0x08005238                EPD_1IN54_V2_DisplayPartBaseImage
 .text.EPD_1IN54_V2_DisplayPart
                0x080052ec       0x6a ./E_ink_1_54/e-Paper/EPD_1in54_V2.o
                0x080052ec                EPD_1IN54_V2_DisplayPart
 .text.EPD_1IN54_V2_Sleep
                0x08005356       0x1a ./E_ink_1_54/e-Paper/EPD_1in54_V2.o
                0x08005356                EPD_1IN54_V2_Sleep
 .text.malloc   0x08005370       0x10 C:/ST/STM32CubeIDE_1.15.1/STM32CubeIDE/plugins/com.st.stm32cube.ide.mcu.externaltools.gnu-tools-for-stm32.12.3.rel1.win32_1.0.200.202406191623/tools/bin/../lib/gcc/arm-none-eabi/12.3.1/../../../../arm-none-eabi/lib/thumb/v7e-m+fp/hard\libc_nano.a(libc_a-malloc.o)
                0x08005370                malloc
 .text.sbrk_aligned
                0x08005380       0x44 C:/ST/STM32CubeIDE_1.15.1/STM32CubeIDE/plugins/com.st.stm32cube.ide.mcu.externaltools.gnu-tools-for-stm32.12.3.rel1.win32_1.0.200.202406191623/tools/bin/../lib/gcc/arm-none-eabi/12.3.1/../../../../arm-none-eabi/lib/thumb/v7e-m+fp/hard\libc_nano.a(libc_a-mallocr.o)
 .text._malloc_r
                0x080053c4      0x100 C:/ST/STM32CubeIDE_1.15.1/STM32CubeIDE/plugins/com.st.stm32cube.ide.mcu.externaltools.gnu-tools-for-stm32.12.3.rel1.win32_1.0.200.202406191623/tools/bin/../lib/gcc/arm-none-eabi/12.3.1/../../../../arm-none-eabi/lib/thumb/v7e-m+fp/hard\libc_nano.a(libc_a-mallocr.o)
                0x080053c4                _malloc_r
 .text.__malloc_lock
                0x080054c4        0xc C:/ST/STM32CubeIDE_1.15.1/STM32CubeIDE/plugins/com.st.stm32cube.ide.mcu.externaltools.gnu-tools-for-stm32.12.3.rel1.win32_1.0.200.202406191623/tools/bin/../lib/gcc/arm-none-eabi/12.3.1/../../../../arm-none-eabi/lib/thumb/v7e-m+fp/hard\libc_nano.a(libc_a-mlock.o)
                0x080054c4                __malloc_lock
 .text.__malloc_unlock
                0x080054d0        0xc C:/ST/STM32CubeIDE_1.15.1/STM32CubeIDE/plugins/com.st.stm32cube.ide.mcu.externaltools.gnu-tools-for-stm32.12.3.rel1.win32_1.0.200.202406191623/tools/bin/../lib/gcc/arm-none-eabi/12.3.1/../../../../arm-none-eabi/lib/thumb/v7e-m+fp/hard\libc_nano.a(libc_a-mlock.o)
                0x080054d0                __malloc_unlock
 .text.std      0x080054dc       0x6c C:/ST/STM32CubeIDE_1.15.1/STM32CubeIDE/plugins/com.st.stm32cube.ide.mcu.externaltools.gnu-tools-for-stm32.12.3.rel1.win32_1.0.200.202406191623/tools/bin/../lib/gcc/arm-none-eabi/12.3.1/../../../../arm-none-eabi/lib/thumb/v7e-m+fp/hard\libc_nano.a(libc_a-findfp.o)
 .text.stdio_exit_handler
                0x08005548       0x18 C:/ST/STM32CubeIDE_1.15.1/STM32CubeIDE/plugins/com.st.stm32cube.ide.mcu.externaltools.gnu-tools-for-stm32.12.3.rel1.win32_1.0.200.202406191623/tools/bin/../lib/gcc/arm-none-eabi/12.3.1/../../../../arm-none-eabi/lib/thumb/v7e-m+fp/hard\libc_nano.a(libc_a-findfp.o)
 .text.cleanup_stdio
                0x08005560       0x40 C:/ST/STM32CubeIDE_1.15.1/STM32CubeIDE/plugins/com.st.stm32cube.ide.mcu.externaltools.gnu-tools-for-stm32.12.3.rel1.win32_1.0.200.202406191623/tools/bin/../lib/gcc/arm-none-eabi/12.3.1/../../../../arm-none-eabi/lib/thumb/v7e-m+fp/hard\libc_nano.a(libc_a-findfp.o)
 .text.global_stdio_init.part.0
                0x080055a0       0x3c C:/ST/STM32CubeIDE_1.15.1/STM32CubeIDE/plugins/com.st.stm32cube.ide.mcu.externaltools.gnu-tools-for-stm32.12.3.rel1.win32_1.0.200.202406191623/tools/bin/../lib/gcc/arm-none-eabi/12.3.1/../../../../arm-none-eabi/lib/thumb/v7e-m+fp/hard\libc_nano.a(libc_a-findfp.o)
 .text.__sfp_lock_acquire
                0x080055dc        0xc C:/ST/STM32CubeIDE_1.15.1/STM32CubeIDE/plugins/com.st.stm32cube.ide.mcu.externaltools.gnu-tools-for-stm32.12.3.rel1.win32_1.0.200.202406191623/tools/bin/../lib/gcc/arm-none-eabi/12.3.1/../../../../arm-none-eabi/lib/thumb/v7e-m+fp/hard\libc_nano.a(libc_a-findfp.o)
                0x080055dc                __sfp_lock_acquire
 .text.__sfp_lock_release
                0x080055e8        0xc C:/ST/STM32CubeIDE_1.15.1/STM32CubeIDE/plugins/com.st.stm32cube.ide.mcu.externaltools.gnu-tools-for-stm32.12.3.rel1.win32_1.0.200.202406191623/tools/bin/../lib/gcc/arm-none-eabi/12.3.1/../../../../arm-none-eabi/lib/thumb/v7e-m+fp/hard\libc_nano.a(libc_a-findfp.o)
                0x080055e8                __sfp_lock_release
 .text.__sinit  0x080055f4       0x30 C:/ST/STM32CubeIDE_1.15.1/STM32CubeIDE/plugins/com.st.stm32cube.ide.mcu.externaltools.gnu-tools-for-stm32.12.3.rel1.win32_1.0.200.202406191623/tools/bin/../lib/gcc/arm-none-eabi/12.3.1/../../../../arm-none-eabi/lib/thumb/v7e-m+fp/hard\libc_nano.a(libc_a-findfp.o)
                0x080055f4                __sinit
 .text._fwalk_sglue
                0x08005624       0x3c C:/ST/STM32CubeIDE_1.15.1/STM32CubeIDE/plugins/com.st.stm32cube.ide.mcu.externaltools.gnu-tools-for-stm32.12.3.rel1.win32_1.0.200.202406191623/tools/bin/../lib/gcc/arm-none-eabi/12.3.1/../../../../arm-none-eabi/lib/thumb/v7e-m+fp/hard\libc_nano.a(libc_a-fwalk.o)
                0x08005624                _fwalk_sglue
 .text._puts_r  0x08005660       0xaa C:/ST/STM32CubeIDE_1.15.1/STM32CubeIDE/plugins/com.st.stm32cube.ide.mcu.externaltools.gnu-tools-for-stm32.12.3.rel1.win32_1.0.200.202406191623/tools/bin/../lib/gcc/arm-none-eabi/12.3.1/../../../../arm-none-eabi/lib/thumb/v7e-m+fp/hard\libc_nano.a(libc_a-puts.o)
                0x08005660                _puts_r
 *fill*         0x0800570a        0x2 
 .text.puts     0x0800570c       0x10 C:/ST/STM32CubeIDE_1.15.1/STM32CubeIDE/plugins/com.st.stm32cube.ide.mcu.externaltools.gnu-tools-for-stm32.12.3.rel1.win32_1.0.200.202406191623/tools/bin/../lib/gcc/arm-none-eabi/12.3.1/../../../../arm-none-eabi/lib/thumb/v7e-m+fp/hard\libc_nano.a(libc_a-puts.o)
                0x0800570c                puts
 .text.sprintf  0x0800571c       0x40 C:/ST/STM32CubeIDE_1.15.1/STM32CubeIDE/plugins/com.st.stm32cube.ide.mcu.externaltools.gnu-tools-for-stm32.12.3.rel1.win32_1.0.200.202406191623/tools/bin/../lib/gcc/arm-none-eabi/12.3.1/../../../../arm-none-eabi/lib/thumb/v7e-m+fp/hard\libc_nano.a(libc_a-sprintf.o)
                0x0800571c                siprintf
                0x0800571c                sprintf
 .text.__sread  0x0800575c       0x22 C:/ST/STM32CubeIDE_1.15.1/STM32CubeIDE/plugins/com.st.stm32cube.ide.mcu.externaltools.gnu-tools-for-stm32.12.3.rel1.win32_1.0.200.202406191623/tools/bin/../lib/gcc/arm-none-eabi/12.3.1/../../../../arm-none-eabi/lib/thumb/v7e-m+fp/hard\libc_nano.a(libc_a-stdio.o)
                0x0800575c                __sread
 .text.__swrite
                0x0800577e       0x38 C:/ST/STM32CubeIDE_1.15.1/STM32CubeIDE/plugins/com.st.stm32cube.ide.mcu.externaltools.gnu-tools-for-stm32.12.3.rel1.win32_1.0.200.202406191623/tools/bin/../lib/gcc/arm-none-eabi/12.3.1/../../../../arm-none-eabi/lib/thumb/v7e-m+fp/hard\libc_nano.a(libc_a-stdio.o)
                0x0800577e                __swrite
 .text.__sseek  0x080057b6       0x24 C:/ST/STM32CubeIDE_1.15.1/STM32CubeIDE/plugins/com.st.stm32cube.ide.mcu.externaltools.gnu-tools-for-stm32.12.3.rel1.win32_1.0.200.202406191623/tools/bin/../lib/gcc/arm-none-eabi/12.3.1/../../../../arm-none-eabi/lib/thumb/v7e-m+fp/hard\libc_nano.a(libc_a-stdio.o)
                0x080057b6                __sseek
 .text.__sclose
                0x080057da        0x8 C:/ST/STM32CubeIDE_1.15.1/STM32CubeIDE/plugins/com.st.stm32cube.ide.mcu.externaltools.gnu-tools-for-stm32.12.3.rel1.win32_1.0.200.202406191623/tools/bin/../lib/gcc/arm-none-eabi/12.3.1/../../../../arm-none-eabi/lib/thumb/v7e-m+fp/hard\libc_nano.a(libc_a-stdio.o)
                0x080057da                __sclose
 .text.__swbuf_r
                0x080057e2       0x7c C:/ST/STM32CubeIDE_1.15.1/STM32CubeIDE/plugins/com.st.stm32cube.ide.mcu.externaltools.gnu-tools-for-stm32.12.3.rel1.win32_1.0.200.202406191623/tools/bin/../lib/gcc/arm-none-eabi/12.3.1/../../../../arm-none-eabi/lib/thumb/v7e-m+fp/hard\libc_nano.a(libc_a-wbuf.o)
                0x080057e2                __swbuf_r
 *fill*         0x0800585e        0x2 
 .text.__swsetup_r
                0x08005860       0xac C:/ST/STM32CubeIDE_1.15.1/STM32CubeIDE/plugins/com.st.stm32cube.ide.mcu.externaltools.gnu-tools-for-stm32.12.3.rel1.win32_1.0.200.202406191623/tools/bin/../lib/gcc/arm-none-eabi/12.3.1/../../../../arm-none-eabi/lib/thumb/v7e-m+fp/hard\libc_nano.a(libc_a-wsetup.o)
                0x08005860                __swsetup_r
 .text.memset   0x0800590c       0x10 C:/ST/STM32CubeIDE_1.15.1/STM32CubeIDE/plugins/com.st.stm32cube.ide.mcu.externaltools.gnu-tools-for-stm32.12.3.rel1.win32_1.0.200.202406191623/tools/bin/../lib/gcc/arm-none-eabi/12.3.1/../../../../arm-none-eabi/lib/thumb/v7e-m+fp/hard\libc_nano.a(libc_a-memset.o)
                0x0800590c                memset
 .text._close_r
                0x0800591c       0x20 C:/ST/STM32CubeIDE_1.15.1/STM32CubeIDE/plugins/com.st.stm32cube.ide.mcu.externaltools.gnu-tools-for-stm32.12.3.rel1.win32_1.0.200.202406191623/tools/bin/../lib/gcc/arm-none-eabi/12.3.1/../../../../arm-none-eabi/lib/thumb/v7e-m+fp/hard\libc_nano.a(libc_a-closer.o)
                0x0800591c                _close_r
 .text._lseek_r
                0x0800593c       0x24 C:/ST/STM32CubeIDE_1.15.1/STM32CubeIDE/plugins/com.st.stm32cube.ide.mcu.externaltools.gnu-tools-for-stm32.12.3.rel1.win32_1.0.200.202406191623/tools/bin/../lib/gcc/arm-none-eabi/12.3.1/../../../../arm-none-eabi/lib/thumb/v7e-m+fp/hard\libc_nano.a(libc_a-lseekr.o)
                0x0800593c                _lseek_r
 .text._read_r  0x08005960       0x24 C:/ST/STM32CubeIDE_1.15.1/STM32CubeIDE/plugins/com.st.stm32cube.ide.mcu.externaltools.gnu-tools-for-stm32.12.3.rel1.win32_1.0.200.202406191623/tools/bin/../lib/gcc/arm-none-eabi/12.3.1/../../../../arm-none-eabi/lib/thumb/v7e-m+fp/hard\libc_nano.a(libc_a-readr.o)
                0x08005960                _read_r
 .text._sbrk_r  0x08005984       0x20 C:/ST/STM32CubeIDE_1.15.1/STM32CubeIDE/plugins/com.st.stm32cube.ide.mcu.externaltools.gnu-tools-for-stm32.12.3.rel1.win32_1.0.200.202406191623/tools/bin/../lib/gcc/arm-none-eabi/12.3.1/../../../../arm-none-eabi/lib/thumb/v7e-m+fp/hard\libc_nano.a(libc_a-sbrkr.o)
                0x08005984                _sbrk_r
 .text._write_r
                0x080059a4       0x24 C:/ST/STM32CubeIDE_1.15.1/STM32CubeIDE/plugins/com.st.stm32cube.ide.mcu.externaltools.gnu-tools-for-stm32.12.3.rel1.win32_1.0.200.202406191623/tools/bin/../lib/gcc/arm-none-eabi/12.3.1/../../../../arm-none-eabi/lib/thumb/v7e-m+fp/hard\libc_nano.a(libc_a-writer.o)
                0x080059a4                _write_r
 .text.__errno  0x080059c8        0xc C:/ST/STM32CubeIDE_1.15.1/STM32CubeIDE/plugins/com.st.stm32cube.ide.mcu.externaltools.gnu-tools-for-stm32.12.3.rel1.win32_1.0.200.202406191623/tools/bin/../lib/gcc/arm-none-eabi/12.3.1/../../../../arm-none-eabi/lib/thumb/v7e-m+fp/hard\libc_nano.a(libc_a-errno.o)
                0x080059c8                __errno
 .text.__libc_init_array
                0x080059d4       0x48 C:/ST/STM32CubeIDE_1.15.1/STM32CubeIDE/plugins/com.st.stm32cube.ide.mcu.externaltools.gnu-tools-for-stm32.12.3.rel1.win32_1.0.200.202406191623/tools/bin/../lib/gcc/arm-none-eabi/12.3.1/../../../../arm-none-eabi/lib/thumb/v7e-m+fp/hard\libc_nano.a(libc_a-init.o)
                0x080059d4                __libc_init_array
 .text.__retarget_lock_init_recursive
                0x08005a1c        0x2 C:/ST/STM32CubeIDE_1.15.1/STM32CubeIDE/plugins/com.st.stm32cube.ide.mcu.externaltools.gnu-tools-for-stm32.12.3.rel1.win32_1.0.200.202406191623/tools/bin/../lib/gcc/arm-none-eabi/12.3.1/../../../../arm-none-eabi/lib/thumb/v7e-m+fp/hard\libc_nano.a(libc_a-lock.o)
                0x08005a1c                __retarget_lock_init_recursive
 .text.__retarget_lock_acquire_recursive
                0x08005a1e        0x2 C:/ST/STM32CubeIDE_1.15.1/STM32CubeIDE/plugins/com.st.stm32cube.ide.mcu.externaltools.gnu-tools-for-stm32.12.3.rel1.win32_1.0.200.202406191623/tools/bin/../lib/gcc/arm-none-eabi/12.3.1/../../../../arm-none-eabi/lib/thumb/v7e-m+fp/hard\libc_nano.a(libc_a-lock.o)
                0x08005a1e                __retarget_lock_acquire_recursive
 .text.__retarget_lock_release_recursive
                0x08005a20        0x2 C:/ST/STM32CubeIDE_1.15.1/STM32CubeIDE/plugins/com.st.stm32cube.ide.mcu.externaltools.gnu-tools-for-stm32.12.3.rel1.win32_1.0.200.202406191623/tools/bin/../lib/gcc/arm-none-eabi/12.3.1/../../../../arm-none-eabi/lib/thumb/v7e-m+fp/hard\libc_nano.a(libc_a-lock.o)
                0x08005a20                __retarget_lock_release_recursive
 *fill*         0x08005a22        0x2 
 .text._free_r  0x08005a24       0x94 C:/ST/STM32CubeIDE_1.15.1/STM32CubeIDE/plugins/com.st.stm32cube.ide.mcu.externaltools.gnu-tools-for-stm32.12.3.rel1.win32_1.0.200.202406191623/tools/bin/../lib/gcc/arm-none-eabi/12.3.1/../../../../arm-none-eabi/lib/thumb/v7e-m+fp/hard\libc_nano.a(libc_a-freer.o)
                0x08005a24                _free_r
 .text.__ssputs_r
                0x08005ab8       0xb6 C:/ST/STM32CubeIDE_1.15.1/STM32CubeIDE/plugins/com.st.stm32cube.ide.mcu.externaltools.gnu-tools-for-stm32.12.3.rel1.win32_1.0.200.202406191623/tools/bin/../lib/gcc/arm-none-eabi/12.3.1/../../../../arm-none-eabi/lib/thumb/v7e-m+fp/hard\libc_nano.a(libc_a-nano-svfprintf.o)
                0x08005ab8                __ssputs_r
 *fill*         0x08005b6e        0x2 
 .text._svfprintf_r
                0x08005b70      0x1f8 C:/ST/STM32CubeIDE_1.15.1/STM32CubeIDE/plugins/com.st.stm32cube.ide.mcu.externaltools.gnu-tools-for-stm32.12.3.rel1.win32_1.0.200.202406191623/tools/bin/../lib/gcc/arm-none-eabi/12.3.1/../../../../arm-none-eabi/lib/thumb/v7e-m+fp/hard\libc_nano.a(libc_a-nano-svfprintf.o)
                0x08005b70                _svfiprintf_r
                0x08005b70                _svfprintf_r
 .text._printf_common
                0x08005d68       0xda C:/ST/STM32CubeIDE_1.15.1/STM32CubeIDE/plugins/com.st.stm32cube.ide.mcu.externaltools.gnu-tools-for-stm32.12.3.rel1.win32_1.0.200.202406191623/tools/bin/../lib/gcc/arm-none-eabi/12.3.1/../../../../arm-none-eabi/lib/thumb/v7e-m+fp/hard\libc_nano.a(libc_a-nano-vfprintf_i.o)
                0x08005d68                _printf_common
 *fill*         0x08005e42        0x2 
 .text._printf_i
                0x08005e44      0x240 C:/ST/STM32CubeIDE_1.15.1/STM32CubeIDE/plugins/com.st.stm32cube.ide.mcu.externaltools.gnu-tools-for-stm32.12.3.rel1.win32_1.0.200.202406191623/tools/bin/../lib/gcc/arm-none-eabi/12.3.1/../../../../arm-none-eabi/lib/thumb/v7e-m+fp/hard\libc_nano.a(libc_a-nano-vfprintf_i.o)
                0x08005e44                _printf_i
 .text.__sflush_r
                0x08006084      0x108 C:/ST/STM32CubeIDE_1.15.1/STM32CubeIDE/plugins/com.st.stm32cube.ide.mcu.externaltools.gnu-tools-for-stm32.12.3.rel1.win32_1.0.200.202406191623/tools/bin/../lib/gcc/arm-none-eabi/12.3.1/../../../../arm-none-eabi/lib/thumb/v7e-m+fp/hard\libc_nano.a(libc_a-fflush.o)
                0x08006084                __sflush_r
 .text._fflush_r
                0x0800618c       0x50 C:/ST/STM32CubeIDE_1.15.1/STM32CubeIDE/plugins/com.st.stm32cube.ide.mcu.externaltools.gnu-tools-for-stm32.12.3.rel1.win32_1.0.200.202406191623/tools/bin/../lib/gcc/arm-none-eabi/12.3.1/../../../../arm-none-eabi/lib/thumb/v7e-m+fp/hard\libc_nano.a(libc_a-fflush.o)
                0x0800618c                _fflush_r
 .text.__swhatbuf_r
                0x080061dc       0x4c C:/ST/STM32CubeIDE_1.15.1/STM32CubeIDE/plugins/com.st.stm32cube.ide.mcu.externaltools.gnu-tools-for-stm32.12.3.rel1.win32_1.0.200.202406191623/tools/bin/../lib/gcc/arm-none-eabi/12.3.1/../../../../arm-none-eabi/lib/thumb/v7e-m+fp/hard\libc_nano.a(libc_a-makebuf.o)
                0x080061dc                __swhatbuf_r
 .text.__smakebuf_r
                0x08006228       0x78 C:/ST/STM32CubeIDE_1.15.1/STM32CubeIDE/plugins/com.st.stm32cube.ide.mcu.externaltools.gnu-tools-for-stm32.12.3.rel1.win32_1.0.200.202406191623/tools/bin/../lib/gcc/arm-none-eabi/12.3.1/../../../../arm-none-eabi/lib/thumb/v7e-m+fp/hard\libc_nano.a(libc_a-makebuf.o)
                0x08006228                __smakebuf_r
 .text.memmove  0x080062a0       0x34 C:/ST/STM32CubeIDE_1.15.1/STM32CubeIDE/plugins/com.st.stm32cube.ide.mcu.externaltools.gnu-tools-for-stm32.12.3.rel1.win32_1.0.200.202406191623/tools/bin/../lib/gcc/arm-none-eabi/12.3.1/../../../../arm-none-eabi/lib/thumb/v7e-m+fp/hard\libc_nano.a(libc_a-memmove.o)
                0x080062a0                memmove
 .text._fstat_r
                0x080062d4       0x24 C:/ST/STM32CubeIDE_1.15.1/STM32CubeIDE/plugins/com.st.stm32cube.ide.mcu.externaltools.gnu-tools-for-stm32.12.3.rel1.win32_1.0.200.202406191623/tools/bin/../lib/gcc/arm-none-eabi/12.3.1/../../../../arm-none-eabi/lib/thumb/v7e-m+fp/hard\libc_nano.a(libc_a-fstatr.o)
                0x080062d4                _fstat_r
 .text._isatty_r
                0x080062f8       0x20 C:/ST/STM32CubeIDE_1.15.1/STM32CubeIDE/plugins/com.st.stm32cube.ide.mcu.externaltools.gnu-tools-for-stm32.12.3.rel1.win32_1.0.200.202406191623/tools/bin/../lib/gcc/arm-none-eabi/12.3.1/../../../../arm-none-eabi/lib/thumb/v7e-m+fp/hard\libc_nano.a(libc_a-isattyr.o)
                0x080062f8                _isatty_r
 .text.memcpy   0x08006318       0x1c C:/ST/STM32CubeIDE_1.15.1/STM32CubeIDE/plugins/com.st.stm32cube.ide.mcu.externaltools.gnu-tools-for-stm32.12.3.rel1.win32_1.0.200.202406191623/tools/bin/../lib/gcc/arm-none-eabi/12.3.1/../../../../arm-none-eabi/lib/thumb/v7e-m+fp/hard\libc_nano.a(libc_a-memcpy-stub.o)
                0x08006318                memcpy
 .text._realloc_r
                0x08006334       0x5c C:/ST/STM32CubeIDE_1.15.1/STM32CubeIDE/plugins/com.st.stm32cube.ide.mcu.externaltools.gnu-tools-for-stm32.12.3.rel1.win32_1.0.200.202406191623/tools/bin/../lib/gcc/arm-none-eabi/12.3.1/../../../../arm-none-eabi/lib/thumb/v7e-m+fp/hard\libc_nano.a(libc_a-reallocr.o)
                0x08006334                _realloc_r
 .text._malloc_usable_size_r
                0x08006390       0x10 C:/ST/STM32CubeIDE_1.15.1/STM32CubeIDE/plugins/com.st.stm32cube.ide.mcu.externaltools.gnu-tools-for-stm32.12.3.rel1.win32_1.0.200.202406191623/tools/bin/../lib/gcc/arm-none-eabi/12.3.1/../../../../arm-none-eabi/lib/thumb/v7e-m+fp/hard\libc_nano.a(libc_a-msizer.o)
                0x08006390                _malloc_usable_size_r
 *(.glue_7)
 .glue_7        0x080063a0        0x0 linker stubs
 *(.glue_7t)
 .glue_7t       0x080063a0        0x0 linker stubs
 *(.eh_frame)
 .eh_frame      0x080063a0        0x0 C:/ST/STM32CubeIDE_1.15.1/STM32CubeIDE/plugins/com.st.stm32cube.ide.mcu.externaltools.gnu-tools-for-stm32.12.3.rel1.win32_1.0.200.202406191623/tools/bin/../lib/gcc/arm-none-eabi/12.3.1/thumb/v7e-m+fp/hard/crtbegin.o
 *(.init)
 .init          0x080063a0        0x4 C:/ST/STM32CubeIDE_1.15.1/STM32CubeIDE/plugins/com.st.stm32cube.ide.mcu.externaltools.gnu-tools-for-stm32.12.3.rel1.win32_1.0.200.202406191623/tools/bin/../lib/gcc/arm-none-eabi/12.3.1/thumb/v7e-m+fp/hard/crti.o
                0x080063a0                _init
 .init          0x080063a4        0x8 C:/ST/STM32CubeIDE_1.15.1/STM32CubeIDE/plugins/com.st.stm32cube.ide.mcu.externaltools.gnu-tools-for-stm32.12.3.rel1.win32_1.0.200.202406191623/tools/bin/../lib/gcc/arm-none-eabi/12.3.1/thumb/v7e-m+fp/hard/crtn.o
 *(.fini)
 .fini          0x080063ac        0x4 C:/ST/STM32CubeIDE_1.15.1/STM32CubeIDE/plugins/com.st.stm32cube.ide.mcu.externaltools.gnu-tools-for-stm32.12.3.rel1.win32_1.0.200.202406191623/tools/bin/../lib/gcc/arm-none-eabi/12.3.1/thumb/v7e-m+fp/hard/crti.o
                0x080063ac                _fini
 .fini          0x080063b0        0x8 C:/ST/STM32CubeIDE_1.15.1/STM32CubeIDE/plugins/com.st.stm32cube.ide.mcu.externaltools.gnu-tools-for-stm32.12.3.rel1.win32_1.0.200.202406191623/tools/bin/../lib/gcc/arm-none-eabi/12.3.1/thumb/v7e-m+fp/hard/crtn.o
                0x080063b8                        . = ALIGN (0x4)
                0x080063b8                        _etext = .

.vfp11_veneer   0x080063b8        0x0
 .vfp11_veneer  0x080063b8        0x0 linker stubs

.v4_bx          0x080063b8        0x0
 .v4_bx         0x080063b8        0x0 linker stubs

.iplt           0x080063b8        0x0
 .iplt          0x080063b8        0x0 C:/ST/STM32CubeIDE_1.15.1/STM32CubeIDE/plugins/com.st.stm32cube.ide.mcu.externaltools.gnu-tools-for-stm32.12.3.rel1.win32_1.0.200.202406191623/tools/bin/../lib/gcc/arm-none-eabi/12.3.1/thumb/v7e-m+fp/hard/crtbegin.o

.rodata         0x080063b8      0xcc8
                0x080063b8                        . = ALIGN (0x4)
 *(.rodata)
 .rodata        0x080063b8       0x1c ./Core/Src/KEY.o
 .rodata        0x080063d4       0x44 ./Core/Src/main.o
 .rodata        0x08006418        0x3 ./Core/Src/stm32f4xx_it.o
 *fill*         0x0800641b        0x1 
 .rodata        0x0800641c       0x35 ./E_ink_1_54/e-Paper/EPD_1in54_V2.o
 *(.rodata*)
 *fill*         0x08006451        0x3 
 .rodata.AHBPrescTable
                0x08006454       0x10 ./Core/Src/system_stm32f4xx.o
                0x08006454                AHBPrescTable
 .rodata.APBPrescTable
                0x08006464        0x8 ./Core/Src/system_stm32f4xx.o
                0x08006464                APBPrescTable
 .rodata.Font16_Table
                0x0800646c      0xbe0 ./E_ink_1_54/Fonts/font16.o
                0x0800646c                Font16_Table
 .rodata._svfprintf_r.str1.1
                0x0800704c       0x11 C:/ST/STM32CubeIDE_1.15.1/STM32CubeIDE/plugins/com.st.stm32cube.ide.mcu.externaltools.gnu-tools-for-stm32.12.3.rel1.win32_1.0.200.202406191623/tools/bin/../lib/gcc/arm-none-eabi/12.3.1/../../../../arm-none-eabi/lib/thumb/v7e-m+fp/hard\libc_nano.a(libc_a-nano-svfprintf.o)
 .rodata._printf_i.str1.1
                0x0800705d       0x22 C:/ST/STM32CubeIDE_1.15.1/STM32CubeIDE/plugins/com.st.stm32cube.ide.mcu.externaltools.gnu-tools-for-stm32.12.3.rel1.win32_1.0.200.202406191623/tools/bin/../lib/gcc/arm-none-eabi/12.3.1/../../../../arm-none-eabi/lib/thumb/v7e-m+fp/hard\libc_nano.a(libc_a-nano-vfprintf_i.o)
                0x08007080                        . = ALIGN (0x4)
 *fill*         0x0800707f        0x1 

.ARM.extab      0x08007080        0x0
                0x08007080                        . = ALIGN (0x4)
 *(.ARM.extab* .gnu.linkonce.armextab.*)
                0x08007080                        . = ALIGN (0x4)

.ARM            0x08007080        0x8
                0x08007080                        . = ALIGN (0x4)
                0x08007080                        __exidx_start = .
 *(.ARM.exidx*)
 .ARM.exidx     0x08007080        0x8 C:/ST/STM32CubeIDE_1.15.1/STM32CubeIDE/plugins/com.st.stm32cube.ide.mcu.externaltools.gnu-tools-for-stm32.12.3.rel1.win32_1.0.200.202406191623/tools/bin/../lib/gcc/arm-none-eabi/12.3.1/../../../../arm-none-eabi/lib/thumb/v7e-m+fp/hard\libc_nano.a(libc_a-memchr.o)
 .ARM.exidx     0x08007088        0x0 C:/ST/STM32CubeIDE_1.15.1/STM32CubeIDE/plugins/com.st.stm32cube.ide.mcu.externaltools.gnu-tools-for-stm32.12.3.rel1.win32_1.0.200.202406191623/tools/bin/../lib/gcc/arm-none-eabi/12.3.1/thumb/v7e-m+fp/hard\libgcc.a(_udivmoddi4.o)
                                  0x8 (size before relaxing)
                0x08007088                        __exidx_end = .
                0x08007088                        . = ALIGN (0x4)

.preinit_array  0x08007088        0x0
                0x08007088                        . = ALIGN (0x4)
                0x08007088                        PROVIDE (__preinit_array_start = .)
 *(.preinit_array*)
                0x08007088                        PROVIDE (__preinit_array_end = .)
                0x08007088                        . = ALIGN (0x4)

.init_array     0x08007088        0x4
                0x08007088                        . = ALIGN (0x4)
                0x08007088                        PROVIDE (__init_array_start = .)
 *(SORT_BY_NAME(.init_array.*))
 *(.init_array*)
 .init_array    0x08007088        0x4 C:/ST/STM32CubeIDE_1.15.1/STM32CubeIDE/plugins/com.st.stm32cube.ide.mcu.externaltools.gnu-tools-for-stm32.12.3.rel1.win32_1.0.200.202406191623/tools/bin/../lib/gcc/arm-none-eabi/12.3.1/thumb/v7e-m+fp/hard/crtbegin.o
                0x0800708c                        PROVIDE (__init_array_end = .)
                0x0800708c                        . = ALIGN (0x4)

.fini_array     0x0800708c        0x4
                0x0800708c                        . = ALIGN (0x4)
                [!provide]                        PROVIDE (__fini_array_start = .)
 *(SORT_BY_NAME(.fini_array.*))
 *(.fini_array*)
 .fini_array    0x0800708c        0x4 C:/ST/STM32CubeIDE_1.15.1/STM32CubeIDE/plugins/com.st.stm32cube.ide.mcu.externaltools.gnu-tools-for-stm32.12.3.rel1.win32_1.0.200.202406191623/tools/bin/../lib/gcc/arm-none-eabi/12.3.1/thumb/v7e-m+fp/hard/crtbegin.o
                [!provide]                        PROVIDE (__fini_array_end = .)
                0x08007090                        . = ALIGN (0x4)
                0x08007090                        _sidata = LOADADDR (.data)

.rel.dyn        0x08007090        0x0
 .rel.iplt      0x08007090        0x0 C:/ST/STM32CubeIDE_1.15.1/STM32CubeIDE/plugins/com.st.stm32cube.ide.mcu.externaltools.gnu-tools-for-stm32.12.3.rel1.win32_1.0.200.202406191623/tools/bin/../lib/gcc/arm-none-eabi/12.3.1/thumb/v7e-m+fp/hard/crtbegin.o

.data           0x20000000      0x1b4 load address 0x08007090
                0x20000000                        . = ALIGN (0x4)
                0x20000000                        _sdata = .
 *(.data)
 *(.data*)
 .data.start_uart
                0x20000000        0x3 ./Core/Src/KEY.o
                0x20000000                start_uart
 .data.state    0x20000003        0x1 ./Core/Src/stm32f4xx_it.o
                0x20000003                state
 .data.SystemCoreClock
                0x20000004        0x4 ./Core/Src/system_stm32f4xx.o
                0x20000004                SystemCoreClock
 .data.uwTickPrio
                0x20000008        0x4 ./Drivers/STM32F4xx_HAL_Driver/Src/stm32f4xx_hal.o
                0x20000008                uwTickPrio
 .data.uwTickFreq
                0x2000000c        0x1 ./Drivers/STM32F4xx_HAL_Driver/Src/stm32f4xx_hal.o
                0x2000000c                uwTickFreq
 *fill*         0x2000000d        0x3 
 .data.Font16   0x20000010        0x8 ./E_ink_1_54/Fonts/font16.o
                0x20000010                Font16
 .data.WF_Full_1IN54
                0x20000018       0x9f ./E_ink_1_54/e-Paper/EPD_1in54_V2.o
                0x20000018                WF_Full_1IN54
 *fill*         0x200000b7        0x1 
 .data.WF_PARTIAL_1IN54_0
                0x200000b8       0x9f ./E_ink_1_54/e-Paper/EPD_1in54_V2.o
                0x200000b8                WF_PARTIAL_1IN54_0
 *fill*         0x20000157        0x1 
 .data.__sglue  0x20000158        0xc C:/ST/STM32CubeIDE_1.15.1/STM32CubeIDE/plugins/com.st.stm32cube.ide.mcu.externaltools.gnu-tools-for-stm32.12.3.rel1.win32_1.0.200.202406191623/tools/bin/../lib/gcc/arm-none-eabi/12.3.1/../../../../arm-none-eabi/lib/thumb/v7e-m+fp/hard\libc_nano.a(libc_a-findfp.o)
                0x20000158                __sglue
 .data._impure_ptr
                0x20000164        0x4 C:/ST/STM32CubeIDE_1.15.1/STM32CubeIDE/plugins/com.st.stm32cube.ide.mcu.externaltools.gnu-tools-for-stm32.12.3.rel1.win32_1.0.200.202406191623/tools/bin/../lib/gcc/arm-none-eabi/12.3.1/../../../../arm-none-eabi/lib/thumb/v7e-m+fp/hard\libc_nano.a(libc_a-impure.o)
                0x20000164                _impure_ptr
 .data._impure_data
                0x20000168       0x4c C:/ST/STM32CubeIDE_1.15.1/STM32CubeIDE/plugins/com.st.stm32cube.ide.mcu.externaltools.gnu-tools-for-stm32.12.3.rel1.win32_1.0.200.202406191623/tools/bin/../lib/gcc/arm-none-eabi/12.3.1/../../../../arm-none-eabi/lib/thumb/v7e-m+fp/hard\libc_nano.a(libc_a-impure.o)
                0x20000168                _impure_data
 *(.RamFunc)
 *(.RamFunc*)
                0x200001b4                        . = ALIGN (0x4)
                0x200001b4                        _edata = .

.igot.plt       0x200001b4        0x0 load address 0x08007244
 .igot.plt      0x200001b4        0x0 C:/ST/STM32CubeIDE_1.15.1/STM32CubeIDE/plugins/com.st.stm32cube.ide.mcu.externaltools.gnu-tools-for-stm32.12.3.rel1.win32_1.0.200.202406191623/tools/bin/../lib/gcc/arm-none-eabi/12.3.1/thumb/v7e-m+fp/hard/crtbegin.o
                0x200001b4                        . = ALIGN (0x4)

.bss            0x200001b4      0x2a0 load address 0x08007244
                0x200001b4                        _sbss = .
                0x200001b4                        __bss_start__ = _sbss
 *(.bss)
 .bss           0x200001b4       0x1c C:/ST/STM32CubeIDE_1.15.1/STM32CubeIDE/plugins/com.st.stm32cube.ide.mcu.externaltools.gnu-tools-for-stm32.12.3.rel1.win32_1.0.200.202406191623/tools/bin/../lib/gcc/arm-none-eabi/12.3.1/thumb/v7e-m+fp/hard/crtbegin.o
 *(.bss*)
 .bss.refresh_e_ink_cnt
                0x200001d0        0x4 ./Core/Src/KEY.o
                0x200001d0                refresh_e_ink_cnt
 .bss.falg_disp_sleep
                0x200001d4        0x1 ./Core/Src/KEY.o
                0x200001d4                falg_disp_sleep
 *fill*         0x200001d5        0x3 
 .bss.Recive_array
                0x200001d8        0xa ./Core/Src/KEY.o
                0x200001d8                Recive_array
 *fill*         0x200001e2        0x2 
 .bss.event_flags
                0x200001e4        0x4 ./Core/Src/KEY.o
                0x200001e4                event_flags
 .bss.command   0x200001e8        0x4 ./Core/Src/KEY.o
                0x200001e8                command
 .bss.hspi1     0x200001ec       0x58 ./Core/Src/main.o
                0x200001ec                hspi1
 .bss.htim2     0x20000244       0x48 ./Core/Src/main.o
                0x20000244                htim2
 .bss.huart1    0x2000028c       0x48 ./Core/Src/main.o
                0x2000028c                huart1
 .bss.BlackImage
                0x200002d4        0x4 ./Core/Src/main.o
                0x200002d4                BlackImage
 .bss.start_time
                0x200002d8        0x4 ./Core/Src/stm32f4xx_it.o
                0x200002d8                start_time
 .bss.enter.4   0x200002dc        0x1 ./Core/Src/stm32f4xx_it.o
 *fill*         0x200002dd        0x3 
 .bss.cnt.3     0x200002e0        0x4 ./Core/Src/stm32f4xx_it.o
 .bss.SByte1.2  0x200002e4        0x1 ./Core/Src/stm32f4xx_it.o
 .bss.SByte2.1  0x200002e5        0x1 ./Core/Src/stm32f4xx_it.o
 .bss.SByte3.0  0x200002e6        0x1 ./Core/Src/stm32f4xx_it.o
 *fill*         0x200002e7        0x1 
 .bss.__sbrk_heap_end
                0x200002e8        0x4 ./Core/Src/sysmem.o
 .bss.uwTick    0x200002ec        0x4 ./Drivers/STM32F4xx_HAL_Driver/Src/stm32f4xx_hal.o
                0x200002ec                uwTick
 .bss.Paint     0x200002f0       0x18 ./E_ink_1_54/GUI/GUI_Paint.o
                0x200002f0                Paint
 .bss.__malloc_sbrk_start
                0x20000308        0x4 C:/ST/STM32CubeIDE_1.15.1/STM32CubeIDE/plugins/com.st.stm32cube.ide.mcu.externaltools.gnu-tools-for-stm32.12.3.rel1.win32_1.0.200.202406191623/tools/bin/../lib/gcc/arm-none-eabi/12.3.1/../../../../arm-none-eabi/lib/thumb/v7e-m+fp/hard\libc_nano.a(libc_a-mallocr.o)
                0x20000308                __malloc_sbrk_start
 .bss.__malloc_free_list
                0x2000030c        0x4 C:/ST/STM32CubeIDE_1.15.1/STM32CubeIDE/plugins/com.st.stm32cube.ide.mcu.externaltools.gnu-tools-for-stm32.12.3.rel1.win32_1.0.200.202406191623/tools/bin/../lib/gcc/arm-none-eabi/12.3.1/../../../../arm-none-eabi/lib/thumb/v7e-m+fp/hard\libc_nano.a(libc_a-mallocr.o)
                0x2000030c                __malloc_free_list
 .bss.__sf      0x20000310      0x138 C:/ST/STM32CubeIDE_1.15.1/STM32CubeIDE/plugins/com.st.stm32cube.ide.mcu.externaltools.gnu-tools-for-stm32.12.3.rel1.win32_1.0.200.202406191623/tools/bin/../lib/gcc/arm-none-eabi/12.3.1/../../../../arm-none-eabi/lib/thumb/v7e-m+fp/hard\libc_nano.a(libc_a-findfp.o)
                0x20000310                __sf
 .bss.__stdio_exit_handler
                0x20000448        0x4 C:/ST/STM32CubeIDE_1.15.1/STM32CubeIDE/plugins/com.st.stm32cube.ide.mcu.externaltools.gnu-tools-for-stm32.12.3.rel1.win32_1.0.200.202406191623/tools/bin/../lib/gcc/arm-none-eabi/12.3.1/../../../../arm-none-eabi/lib/thumb/v7e-m+fp/hard\libc_nano.a(libc_a-findfp.o)
                0x20000448                __stdio_exit_handler
 .bss.errno     0x2000044c        0x4 C:/ST/STM32CubeIDE_1.15.1/STM32CubeIDE/plugins/com.st.stm32cube.ide.mcu.externaltools.gnu-tools-for-stm32.12.3.rel1.win32_1.0.200.202406191623/tools/bin/../lib/gcc/arm-none-eabi/12.3.1/../../../../arm-none-eabi/lib/thumb/v7e-m+fp/hard\libc_nano.a(libc_a-reent.o)
                0x2000044c                errno
 .bss.__lock___malloc_recursive_mutex
                0x20000450        0x1 C:/ST/STM32CubeIDE_1.15.1/STM32CubeIDE/plugins/com.st.stm32cube.ide.mcu.externaltools.gnu-tools-for-stm32.12.3.rel1.win32_1.0.200.202406191623/tools/bin/../lib/gcc/arm-none-eabi/12.3.1/../../../../arm-none-eabi/lib/thumb/v7e-m+fp/hard\libc_nano.a(libc_a-lock.o)
                0x20000450                __lock___malloc_recursive_mutex
 .bss.__lock___sfp_recursive_mutex
                0x20000451        0x1 C:/ST/STM32CubeIDE_1.15.1/STM32CubeIDE/plugins/com.st.stm32cube.ide.mcu.externaltools.gnu-tools-for-stm32.12.3.rel1.win32_1.0.200.202406191623/tools/bin/../lib/gcc/arm-none-eabi/12.3.1/../../../../arm-none-eabi/lib/thumb/v7e-m+fp/hard\libc_nano.a(libc_a-lock.o)
                0x20000451                __lock___sfp_recursive_mutex
 *(COMMON)
                0x20000454                        . = ALIGN (0x4)
 *fill*         0x20000452        0x2 
                0x20000454                        _ebss = .
                0x20000454                        __bss_end__ = _ebss

._user_heap_stack
                0x20000454      0x604 load address 0x08007244
                0x20000458                        . = ALIGN (0x8)
 *fill*         0x20000454        0x4 
                [!provide]                        PROVIDE (end = .)
                0x20000458                        PROVIDE (_end = .)
                0x20000658                        . = (. + _Min_Heap_Size)
 *fill*         0x20000458      0x200 
                0x20000a58                        . = (. + _Min_Stack_Size)
 *fill*         0x20000658      0x400 
                0x20000a58                        . = ALIGN (0x8)

/DISCARD/
 libc.a(*)
 libm.a(*)
 libgcc.a(*)

.ARM.attributes
                0x00000000       0x30
 *(.ARM.attributes)
 .ARM.attributes
                0x00000000       0x22 C:/ST/STM32CubeIDE_1.15.1/STM32CubeIDE/plugins/com.st.stm32cube.ide.mcu.externaltools.gnu-tools-for-stm32.12.3.rel1.win32_1.0.200.202406191623/tools/bin/../lib/gcc/arm-none-eabi/12.3.1/thumb/v7e-m+fp/hard/crti.o
 .ARM.attributes
                0x00000022       0x34 C:/ST/STM32CubeIDE_1.15.1/STM32CubeIDE/plugins/com.st.stm32cube.ide.mcu.externaltools.gnu-tools-for-stm32.12.3.rel1.win32_1.0.200.202406191623/tools/bin/../lib/gcc/arm-none-eabi/12.3.1/thumb/v7e-m+fp/hard/crtbegin.o
 .ARM.attributes
                0x00000056       0x34 ./Core/Src/KEY.o
 .ARM.attributes
                0x0000008a       0x34 ./Core/Src/main.o
 .ARM.attributes
                0x000000be       0x34 ./Core/Src/stm32f4xx_hal_msp.o
 .ARM.attributes
                0x000000f2       0x34 ./Core/Src/stm32f4xx_it.o
 .ARM.attributes
                0x00000126       0x34 ./Core/Src/syscalls.o
 .ARM.attributes
                0x0000015a       0x34 ./Core/Src/sysmem.o
 .ARM.attributes
                0x0000018e       0x34 ./Core/Src/system_stm32f4xx.o
 .ARM.attributes
                0x000001c2       0x21 ./Core/Startup/startup_stm32f411ceux.o
 .ARM.attributes
                0x000001e3       0x34 ./Drivers/STM32F4xx_HAL_Driver/Src/stm32f4xx_hal.o
 .ARM.attributes
                0x00000217       0x34 ./Drivers/STM32F4xx_HAL_Driver/Src/stm32f4xx_hal_cortex.o
 .ARM.attributes
                0x0000024b       0x34 ./Drivers/STM32F4xx_HAL_Driver/Src/stm32f4xx_hal_dma.o
 .ARM.attributes
                0x0000027f       0x34 ./Drivers/STM32F4xx_HAL_Driver/Src/stm32f4xx_hal_gpio.o
 .ARM.attributes
                0x000002b3       0x34 ./Drivers/STM32F4xx_HAL_Driver/Src/stm32f4xx_hal_rcc.o
 .ARM.attributes
                0x000002e7       0x34 ./Drivers/STM32F4xx_HAL_Driver/Src/stm32f4xx_hal_spi.o
 .ARM.attributes
                0x0000031b       0x34 ./Drivers/STM32F4xx_HAL_Driver/Src/stm32f4xx_hal_tim.o
 .ARM.attributes
                0x0000034f       0x34 ./Drivers/STM32F4xx_HAL_Driver/Src/stm32f4xx_hal_tim_ex.o
 .ARM.attributes
                0x00000383       0x34 ./Drivers/STM32F4xx_HAL_Driver/Src/stm32f4xx_hal_uart.o
 .ARM.attributes
                0x000003b7       0x34 ./E_ink_1_54/Config/DEV_Config.o
 .ARM.attributes
                0x000003eb       0x34 ./E_ink_1_54/Fonts/font16.o
 .ARM.attributes
                0x0000041f       0x34 ./E_ink_1_54/GUI/GUI_Paint.o
 .ARM.attributes
                0x00000453       0x34 ./E_ink_1_54/e-Paper/EPD_1in54_V2.o
 .ARM.attributes
                0x00000487       0x34 C:/ST/STM32CubeIDE_1.15.1/STM32CubeIDE/plugins/com.st.stm32cube.ide.mcu.externaltools.gnu-tools-for-stm32.12.3.rel1.win32_1.0.200.202406191623/tools/bin/../lib/gcc/arm-none-eabi/12.3.1/../../../../arm-none-eabi/lib/thumb/v7e-m+fp/hard\libc_nano.a(libc_a-malloc.o)
 .ARM.attributes
                0x000004bb       0x34 C:/ST/STM32CubeIDE_1.15.1/STM32CubeIDE/plugins/com.st.stm32cube.ide.mcu.externaltools.gnu-tools-for-stm32.12.3.rel1.win32_1.0.200.202406191623/tools/bin/../lib/gcc/arm-none-eabi/12.3.1/../../../../arm-none-eabi/lib/thumb/v7e-m+fp/hard\libc_nano.a(libc_a-mallocr.o)
 .ARM.attributes
                0x000004ef       0x34 C:/ST/STM32CubeIDE_1.15.1/STM32CubeIDE/plugins/com.st.stm32cube.ide.mcu.externaltools.gnu-tools-for-stm32.12.3.rel1.win32_1.0.200.202406191623/tools/bin/../lib/gcc/arm-none-eabi/12.3.1/../../../../arm-none-eabi/lib/thumb/v7e-m+fp/hard\libc_nano.a(libc_a-mlock.o)
 .ARM.attributes
                0x00000523       0x34 C:/ST/STM32CubeIDE_1.15.1/STM32CubeIDE/plugins/com.st.stm32cube.ide.mcu.externaltools.gnu-tools-for-stm32.12.3.rel1.win32_1.0.200.202406191623/tools/bin/../lib/gcc/arm-none-eabi/12.3.1/../../../../arm-none-eabi/lib/thumb/v7e-m+fp/hard\libc_nano.a(libc_a-findfp.o)
 .ARM.attributes
                0x00000557       0x34 C:/ST/STM32CubeIDE_1.15.1/STM32CubeIDE/plugins/com.st.stm32cube.ide.mcu.externaltools.gnu-tools-for-stm32.12.3.rel1.win32_1.0.200.202406191623/tools/bin/../lib/gcc/arm-none-eabi/12.3.1/../../../../arm-none-eabi/lib/thumb/v7e-m+fp/hard\libc_nano.a(libc_a-fwalk.o)
 .ARM.attributes
                0x0000058b       0x34 C:/ST/STM32CubeIDE_1.15.1/STM32CubeIDE/plugins/com.st.stm32cube.ide.mcu.externaltools.gnu-tools-for-stm32.12.3.rel1.win32_1.0.200.202406191623/tools/bin/../lib/gcc/arm-none-eabi/12.3.1/../../../../arm-none-eabi/lib/thumb/v7e-m+fp/hard\libc_nano.a(libc_a-puts.o)
 .ARM.attributes
                0x000005bf       0x34 C:/ST/STM32CubeIDE_1.15.1/STM32CubeIDE/plugins/com.st.stm32cube.ide.mcu.externaltools.gnu-tools-for-stm32.12.3.rel1.win32_1.0.200.202406191623/tools/bin/../lib/gcc/arm-none-eabi/12.3.1/../../../../arm-none-eabi/lib/thumb/v7e-m+fp/hard\libc_nano.a(libc_a-sprintf.o)
 .ARM.attributes
                0x000005f3       0x34 C:/ST/STM32CubeIDE_1.15.1/STM32CubeIDE/plugins/com.st.stm32cube.ide.mcu.externaltools.gnu-tools-for-stm32.12.3.rel1.win32_1.0.200.202406191623/tools/bin/../lib/gcc/arm-none-eabi/12.3.1/../../../../arm-none-eabi/lib/thumb/v7e-m+fp/hard\libc_nano.a(libc_a-stdio.o)
 .ARM.attributes
                0x00000627       0x34 C:/ST/STM32CubeIDE_1.15.1/STM32CubeIDE/plugins/com.st.stm32cube.ide.mcu.externaltools.gnu-tools-for-stm32.12.3.rel1.win32_1.0.200.202406191623/tools/bin/../lib/gcc/arm-none-eabi/12.3.1/../../../../arm-none-eabi/lib/thumb/v7e-m+fp/hard\libc_nano.a(libc_a-wbuf.o)
 .ARM.attributes
                0x0000065b       0x34 C:/ST/STM32CubeIDE_1.15.1/STM32CubeIDE/plugins/com.st.stm32cube.ide.mcu.externaltools.gnu-tools-for-stm32.12.3.rel1.win32_1.0.200.202406191623/tools/bin/../lib/gcc/arm-none-eabi/12.3.1/../../../../arm-none-eabi/lib/thumb/v7e-m+fp/hard\libc_nano.a(libc_a-wsetup.o)
 .ARM.attributes
                0x0000068f       0x34 C:/ST/STM32CubeIDE_1.15.1/STM32CubeIDE/plugins/com.st.stm32cube.ide.mcu.externaltools.gnu-tools-for-stm32.12.3.rel1.win32_1.0.200.202406191623/tools/bin/../lib/gcc/arm-none-eabi/12.3.1/../../../../arm-none-eabi/lib/thumb/v7e-m+fp/hard\libc_nano.a(libc_a-memset.o)
 .ARM.attributes
                0x000006c3       0x34 C:/ST/STM32CubeIDE_1.15.1/STM32CubeIDE/plugins/com.st.stm32cube.ide.mcu.externaltools.gnu-tools-for-stm32.12.3.rel1.win32_1.0.200.202406191623/tools/bin/../lib/gcc/arm-none-eabi/12.3.1/../../../../arm-none-eabi/lib/thumb/v7e-m+fp/hard\libc_nano.a(libc_a-closer.o)
 .ARM.attributes
                0x000006f7       0x34 C:/ST/STM32CubeIDE_1.15.1/STM32CubeIDE/plugins/com.st.stm32cube.ide.mcu.externaltools.gnu-tools-for-stm32.12.3.rel1.win32_1.0.200.202406191623/tools/bin/../lib/gcc/arm-none-eabi/12.3.1/../../../../arm-none-eabi/lib/thumb/v7e-m+fp/hard\libc_nano.a(libc_a-reent.o)
 .ARM.attributes
                0x0000072b       0x34 C:/ST/STM32CubeIDE_1.15.1/STM32CubeIDE/plugins/com.st.stm32cube.ide.mcu.externaltools.gnu-tools-for-stm32.12.3.rel1.win32_1.0.200.202406191623/tools/bin/../lib/gcc/arm-none-eabi/12.3.1/../../../../arm-none-eabi/lib/thumb/v7e-m+fp/hard\libc_nano.a(libc_a-impure.o)
 .ARM.attributes
                0x0000075f       0x34 C:/ST/STM32CubeIDE_1.15.1/STM32CubeIDE/plugins/com.st.stm32cube.ide.mcu.externaltools.gnu-tools-for-stm32.12.3.rel1.win32_1.0.200.202406191623/tools/bin/../lib/gcc/arm-none-eabi/12.3.1/../../../../arm-none-eabi/lib/thumb/v7e-m+fp/hard\libc_nano.a(libc_a-lseekr.o)
 .ARM.attributes
                0x00000793       0x34 C:/ST/STM32CubeIDE_1.15.1/STM32CubeIDE/plugins/com.st.stm32cube.ide.mcu.externaltools.gnu-tools-for-stm32.12.3.rel1.win32_1.0.200.202406191623/tools/bin/../lib/gcc/arm-none-eabi/12.3.1/../../../../arm-none-eabi/lib/thumb/v7e-m+fp/hard\libc_nano.a(libc_a-readr.o)
 .ARM.attributes
                0x000007c7       0x34 C:/ST/STM32CubeIDE_1.15.1/STM32CubeIDE/plugins/com.st.stm32cube.ide.mcu.externaltools.gnu-tools-for-stm32.12.3.rel1.win32_1.0.200.202406191623/tools/bin/../lib/gcc/arm-none-eabi/12.3.1/../../../../arm-none-eabi/lib/thumb/v7e-m+fp/hard\libc_nano.a(libc_a-sbrkr.o)
 .ARM.attributes
                0x000007fb       0x34 C:/ST/STM32CubeIDE_1.15.1/STM32CubeIDE/plugins/com.st.stm32cube.ide.mcu.externaltools.gnu-tools-for-stm32.12.3.rel1.win32_1.0.200.202406191623/tools/bin/../lib/gcc/arm-none-eabi/12.3.1/../../../../arm-none-eabi/lib/thumb/v7e-m+fp/hard\libc_nano.a(libc_a-writer.o)
 .ARM.attributes
                0x0000082f       0x34 C:/ST/STM32CubeIDE_1.15.1/STM32CubeIDE/plugins/com.st.stm32cube.ide.mcu.externaltools.gnu-tools-for-stm32.12.3.rel1.win32_1.0.200.202406191623/tools/bin/../lib/gcc/arm-none-eabi/12.3.1/../../../../arm-none-eabi/lib/thumb/v7e-m+fp/hard\libc_nano.a(libc_a-errno.o)
 .ARM.attributes
                0x00000863       0x34 C:/ST/STM32CubeIDE_1.15.1/STM32CubeIDE/plugins/com.st.stm32cube.ide.mcu.externaltools.gnu-tools-for-stm32.12.3.rel1.win32_1.0.200.202406191623/tools/bin/../lib/gcc/arm-none-eabi/12.3.1/../../../../arm-none-eabi/lib/thumb/v7e-m+fp/hard\libc_nano.a(libc_a-init.o)
 .ARM.attributes
                0x00000897       0x34 C:/ST/STM32CubeIDE_1.15.1/STM32CubeIDE/plugins/com.st.stm32cube.ide.mcu.externaltools.gnu-tools-for-stm32.12.3.rel1.win32_1.0.200.202406191623/tools/bin/../lib/gcc/arm-none-eabi/12.3.1/../../../../arm-none-eabi/lib/thumb/v7e-m+fp/hard\libc_nano.a(libc_a-lock.o)
 .ARM.attributes
                0x000008cb       0x34 C:/ST/STM32CubeIDE_1.15.1/STM32CubeIDE/plugins/com.st.stm32cube.ide.mcu.externaltools.gnu-tools-for-stm32.12.3.rel1.win32_1.0.200.202406191623/tools/bin/../lib/gcc/arm-none-eabi/12.3.1/../../../../arm-none-eabi/lib/thumb/v7e-m+fp/hard\libc_nano.a(libc_a-freer.o)
 .ARM.attributes
                0x000008ff       0x34 C:/ST/STM32CubeIDE_1.15.1/STM32CubeIDE/plugins/com.st.stm32cube.ide.mcu.externaltools.gnu-tools-for-stm32.12.3.rel1.win32_1.0.200.202406191623/tools/bin/../lib/gcc/arm-none-eabi/12.3.1/../../../../arm-none-eabi/lib/thumb/v7e-m+fp/hard\libc_nano.a(libc_a-nano-svfprintf.o)
 .ARM.attributes
                0x00000933       0x34 C:/ST/STM32CubeIDE_1.15.1/STM32CubeIDE/plugins/com.st.stm32cube.ide.mcu.externaltools.gnu-tools-for-stm32.12.3.rel1.win32_1.0.200.202406191623/tools/bin/../lib/gcc/arm-none-eabi/12.3.1/../../../../arm-none-eabi/lib/thumb/v7e-m+fp/hard\libc_nano.a(libc_a-nano-vfprintf_i.o)
 .ARM.attributes
                0x00000967       0x34 C:/ST/STM32CubeIDE_1.15.1/STM32CubeIDE/plugins/com.st.stm32cube.ide.mcu.externaltools.gnu-tools-for-stm32.12.3.rel1.win32_1.0.200.202406191623/tools/bin/../lib/gcc/arm-none-eabi/12.3.1/../../../../arm-none-eabi/lib/thumb/v7e-m+fp/hard\libc_nano.a(libc_a-fflush.o)
 .ARM.attributes
                0x0000099b       0x34 C:/ST/STM32CubeIDE_1.15.1/STM32CubeIDE/plugins/com.st.stm32cube.ide.mcu.externaltools.gnu-tools-for-stm32.12.3.rel1.win32_1.0.200.202406191623/tools/bin/../lib/gcc/arm-none-eabi/12.3.1/../../../../arm-none-eabi/lib/thumb/v7e-m+fp/hard\libc_nano.a(libc_a-makebuf.o)
 .ARM.attributes
                0x000009cf       0x34 C:/ST/STM32CubeIDE_1.15.1/STM32CubeIDE/plugins/com.st.stm32cube.ide.mcu.externaltools.gnu-tools-for-stm32.12.3.rel1.win32_1.0.200.202406191623/tools/bin/../lib/gcc/arm-none-eabi/12.3.1/../../../../arm-none-eabi/lib/thumb/v7e-m+fp/hard\libc_nano.a(libc_a-memmove.o)
 .ARM.attributes
                0x00000a03       0x34 C:/ST/STM32CubeIDE_1.15.1/STM32CubeIDE/plugins/com.st.stm32cube.ide.mcu.externaltools.gnu-tools-for-stm32.12.3.rel1.win32_1.0.200.202406191623/tools/bin/../lib/gcc/arm-none-eabi/12.3.1/../../../../arm-none-eabi/lib/thumb/v7e-m+fp/hard\libc_nano.a(libc_a-fstatr.o)
 .ARM.attributes
                0x00000a37       0x34 C:/ST/STM32CubeIDE_1.15.1/STM32CubeIDE/plugins/com.st.stm32cube.ide.mcu.externaltools.gnu-tools-for-stm32.12.3.rel1.win32_1.0.200.202406191623/tools/bin/../lib/gcc/arm-none-eabi/12.3.1/../../../../arm-none-eabi/lib/thumb/v7e-m+fp/hard\libc_nano.a(libc_a-isattyr.o)
 .ARM.attributes
                0x00000a6b       0x1c C:/ST/STM32CubeIDE_1.15.1/STM32CubeIDE/plugins/com.st.stm32cube.ide.mcu.externaltools.gnu-tools-for-stm32.12.3.rel1.win32_1.0.200.202406191623/tools/bin/../lib/gcc/arm-none-eabi/12.3.1/../../../../arm-none-eabi/lib/thumb/v7e-m+fp/hard\libc_nano.a(libc_a-memchr.o)
 .ARM.attributes
                0x00000a87       0x34 C:/ST/STM32CubeIDE_1.15.1/STM32CubeIDE/plugins/com.st.stm32cube.ide.mcu.externaltools.gnu-tools-for-stm32.12.3.rel1.win32_1.0.200.202406191623/tools/bin/../lib/gcc/arm-none-eabi/12.3.1/../../../../arm-none-eabi/lib/thumb/v7e-m+fp/hard\libc_nano.a(libc_a-memcpy-stub.o)
 .ARM.attributes
                0x00000abb       0x34 C:/ST/STM32CubeIDE_1.15.1/STM32CubeIDE/plugins/com.st.stm32cube.ide.mcu.externaltools.gnu-tools-for-stm32.12.3.rel1.win32_1.0.200.202406191623/tools/bin/../lib/gcc/arm-none-eabi/12.3.1/../../../../arm-none-eabi/lib/thumb/v7e-m+fp/hard\libc_nano.a(libc_a-reallocr.o)
 .ARM.attributes
                0x00000aef       0x34 C:/ST/STM32CubeIDE_1.15.1/STM32CubeIDE/plugins/com.st.stm32cube.ide.mcu.externaltools.gnu-tools-for-stm32.12.3.rel1.win32_1.0.200.202406191623/tools/bin/../lib/gcc/arm-none-eabi/12.3.1/../../../../arm-none-eabi/lib/thumb/v7e-m+fp/hard\libc_nano.a(libc_a-msizer.o)
 .ARM.attributes
                0x00000b23       0x22 C:/ST/STM32CubeIDE_1.15.1/STM32CubeIDE/plugins/com.st.stm32cube.ide.mcu.externaltools.gnu-tools-for-stm32.12.3.rel1.win32_1.0.200.202406191623/tools/bin/../lib/gcc/arm-none-eabi/12.3.1/thumb/v7e-m+fp/hard\libgcc.a(_aeabi_uldivmod.o)
 .ARM.attributes
                0x00000b45       0x34 C:/ST/STM32CubeIDE_1.15.1/STM32CubeIDE/plugins/com.st.stm32cube.ide.mcu.externaltools.gnu-tools-for-stm32.12.3.rel1.win32_1.0.200.202406191623/tools/bin/../lib/gcc/arm-none-eabi/12.3.1/thumb/v7e-m+fp/hard\libgcc.a(_udivmoddi4.o)
 .ARM.attributes
                0x00000b79       0x22 C:/ST/STM32CubeIDE_1.15.1/STM32CubeIDE/plugins/com.st.stm32cube.ide.mcu.externaltools.gnu-tools-for-stm32.12.3.rel1.win32_1.0.200.202406191623/tools/bin/../lib/gcc/arm-none-eabi/12.3.1/thumb/v7e-m+fp/hard\libgcc.a(_dvmd_tls.o)
 .ARM.attributes
                0x00000b9b       0x22 C:/ST/STM32CubeIDE_1.15.1/STM32CubeIDE/plugins/com.st.stm32cube.ide.mcu.externaltools.gnu-tools-for-stm32.12.3.rel1.win32_1.0.200.202406191623/tools/bin/../lib/gcc/arm-none-eabi/12.3.1/thumb/v7e-m+fp/hard/crtn.o
OUTPUT(F411_KEY.elf elf32-littlearm)
LOAD linker stubs
LOAD C:/ST/STM32CubeIDE_1.15.1/STM32CubeIDE/plugins/com.st.stm32cube.ide.mcu.externaltools.gnu-tools-for-stm32.12.3.rel1.win32_1.0.200.202406191623/tools/bin/../lib/gcc/arm-none-eabi/12.3.1/../../../../arm-none-eabi/lib/thumb/v7e-m+fp/hard\libc.a
LOAD C:/ST/STM32CubeIDE_1.15.1/STM32CubeIDE/plugins/com.st.stm32cube.ide.mcu.externaltools.gnu-tools-for-stm32.12.3.rel1.win32_1.0.200.202406191623/tools/bin/../lib/gcc/arm-none-eabi/12.3.1/../../../../arm-none-eabi/lib/thumb/v7e-m+fp/hard\libm.a
LOAD C:/ST/STM32CubeIDE_1.15.1/STM32CubeIDE/plugins/com.st.stm32cube.ide.mcu.externaltools.gnu-tools-for-stm32.12.3.rel1.win32_1.0.200.202406191623/tools/bin/../lib/gcc/arm-none-eabi/12.3.1/thumb/v7e-m+fp/hard\libgcc.a

.debug_info     0x00000000    0x1259d
 .debug_info    0x00000000      0x740 ./Core/Src/KEY.o
 .debug_info    0x00000740     0x1b58 ./Core/Src/main.o
 .debug_info    0x00002298     0x11bf ./Core/Src/stm32f4xx_hal_msp.o
 .debug_info    0x00003457     0x110c ./Core/Src/stm32f4xx_it.o
 .debug_info    0x00004563      0x6a3 ./Core/Src/syscalls.o
 .debug_info    0x00004c06      0x168 ./Core/Src/sysmem.o
 .debug_info    0x00004d6e      0x53e ./Core/Src/system_stm32f4xx.o
 .debug_info    0x000052ac       0x30 ./Core/Startup/startup_stm32f411ceux.o
 .debug_info    0x000052dc      0x8c4 ./Drivers/STM32F4xx_HAL_Driver/Src/stm32f4xx_hal.o
 .debug_info    0x00005ba0      0xcc7 ./Drivers/STM32F4xx_HAL_Driver/Src/stm32f4xx_hal_cortex.o
 .debug_info    0x00006867      0x8e6 ./Drivers/STM32F4xx_HAL_Driver/Src/stm32f4xx_hal_dma.o
 .debug_info    0x0000714d      0x6f9 ./Drivers/STM32F4xx_HAL_Driver/Src/stm32f4xx_hal_gpio.o
 .debug_info    0x00007846      0x8f2 ./Drivers/STM32F4xx_HAL_Driver/Src/stm32f4xx_hal_rcc.o
 .debug_info    0x00008138     0x1606 ./Drivers/STM32F4xx_HAL_Driver/Src/stm32f4xx_hal_spi.o
 .debug_info    0x0000973e     0x2996 ./Drivers/STM32F4xx_HAL_Driver/Src/stm32f4xx_hal_tim.o
 .debug_info    0x0000c0d4     0x14d4 ./Drivers/STM32F4xx_HAL_Driver/Src/stm32f4xx_hal_tim_ex.o
 .debug_info    0x0000d5a8     0x2f56 ./Drivers/STM32F4xx_HAL_Driver/Src/stm32f4xx_hal_uart.o
 .debug_info    0x000104fe      0x8d7 ./E_ink_1_54/Config/DEV_Config.o
 .debug_info    0x00010dd5      0x12c ./E_ink_1_54/Fonts/font16.o
 .debug_info    0x00010f01     0x10b2 ./E_ink_1_54/GUI/GUI_Paint.o
 .debug_info    0x00011fb3      0x5ea ./E_ink_1_54/e-Paper/EPD_1in54_V2.o

.debug_abbrev   0x00000000     0x2cb7
 .debug_abbrev  0x00000000      0x290 ./Core/Src/KEY.o
 .debug_abbrev  0x00000290      0x335 ./Core/Src/main.o
 .debug_abbrev  0x000005c5      0x1de ./Core/Src/stm32f4xx_hal_msp.o
 .debug_abbrev  0x000007a3      0x32d ./Core/Src/stm32f4xx_it.o
 .debug_abbrev  0x00000ad0      0x1b6 ./Core/Src/syscalls.o
 .debug_abbrev  0x00000c86       0xbc ./Core/Src/sysmem.o
 .debug_abbrev  0x00000d42      0x11a ./Core/Src/system_stm32f4xx.o
 .debug_abbrev  0x00000e5c       0x24 ./Core/Startup/startup_stm32f411ceux.o
 .debug_abbrev  0x00000e80      0x24b ./Drivers/STM32F4xx_HAL_Driver/Src/stm32f4xx_hal.o
 .debug_abbrev  0x000010cb      0x328 ./Drivers/STM32F4xx_HAL_Driver/Src/stm32f4xx_hal_cortex.o
 .debug_abbrev  0x000013f3      0x221 ./Drivers/STM32F4xx_HAL_Driver/Src/stm32f4xx_hal_dma.o
 .debug_abbrev  0x00001614      0x1d3 ./Drivers/STM32F4xx_HAL_Driver/Src/stm32f4xx_hal_gpio.o
 .debug_abbrev  0x000017e7      0x2b5 ./Drivers/STM32F4xx_HAL_Driver/Src/stm32f4xx_hal_rcc.o
 .debug_abbrev  0x00001a9c      0x280 ./Drivers/STM32F4xx_HAL_Driver/Src/stm32f4xx_hal_spi.o
 .debug_abbrev  0x00001d1c      0x28b ./Drivers/STM32F4xx_HAL_Driver/Src/stm32f4xx_hal_tim.o
 .debug_abbrev  0x00001fa7      0x296 ./Drivers/STM32F4xx_HAL_Driver/Src/stm32f4xx_hal_tim_ex.o
 .debug_abbrev  0x0000223d      0x31b ./Drivers/STM32F4xx_HAL_Driver/Src/stm32f4xx_hal_uart.o
 .debug_abbrev  0x00002558      0x25e ./E_ink_1_54/Config/DEV_Config.o
 .debug_abbrev  0x000027b6       0xb1 ./E_ink_1_54/Fonts/font16.o
 .debug_abbrev  0x00002867      0x241 ./E_ink_1_54/GUI/GUI_Paint.o
 .debug_abbrev  0x00002aa8      0x20f ./E_ink_1_54/e-Paper/EPD_1in54_V2.o

.debug_aranges  0x00000000     0x1148
 .debug_aranges
                0x00000000       0x70 ./Core/Src/KEY.o
 .debug_aranges
                0x00000070       0x68 ./Core/Src/main.o
 .debug_aranges
                0x000000d8       0x50 ./Core/Src/stm32f4xx_hal_msp.o
 .debug_aranges
                0x00000128       0xa0 ./Core/Src/stm32f4xx_it.o
 .debug_aranges
                0x000001c8       0xa8 ./Core/Src/syscalls.o
 .debug_aranges
                0x00000270       0x20 ./Core/Src/sysmem.o
 .debug_aranges
                0x00000290       0x28 ./Core/Src/system_stm32f4xx.o
 .debug_aranges
                0x000002b8       0x28 ./Core/Startup/startup_stm32f411ceux.o
 .debug_aranges
                0x000002e0       0xf0 ./Drivers/STM32F4xx_HAL_Driver/Src/stm32f4xx_hal.o
 .debug_aranges
                0x000003d0      0x120 ./Drivers/STM32F4xx_HAL_Driver/Src/stm32f4xx_hal_cortex.o
 .debug_aranges
                0x000004f0       0x90 ./Drivers/STM32F4xx_HAL_Driver/Src/stm32f4xx_hal_dma.o
 .debug_aranges
                0x00000580       0x58 ./Drivers/STM32F4xx_HAL_Driver/Src/stm32f4xx_hal_gpio.o
 .debug_aranges
                0x000005d8       0x88 ./Drivers/STM32F4xx_HAL_Driver/Src/stm32f4xx_hal_rcc.o
 .debug_aranges
                0x00000660      0x1d0 ./Drivers/STM32F4xx_HAL_Driver/Src/stm32f4xx_hal_spi.o
 .debug_aranges
                0x00000830      0x3d0 ./Drivers/STM32F4xx_HAL_Driver/Src/stm32f4xx_hal_tim.o
 .debug_aranges
                0x00000c00      0x168 ./Drivers/STM32F4xx_HAL_Driver/Src/stm32f4xx_hal_tim_ex.o
 .debug_aranges
                0x00000d68      0x208 ./Drivers/STM32F4xx_HAL_Driver/Src/stm32f4xx_hal_uart.o
 .debug_aranges
                0x00000f70       0x60 ./E_ink_1_54/Config/DEV_Config.o
 .debug_aranges
                0x00000fd0       0x18 ./E_ink_1_54/Fonts/font16.o
 .debug_aranges
                0x00000fe8       0xc0 ./E_ink_1_54/GUI/GUI_Paint.o
 .debug_aranges
                0x000010a8       0xa0 ./E_ink_1_54/e-Paper/EPD_1in54_V2.o

.debug_rnglists
                0x00000000      0xd68
 .debug_rnglists
                0x00000000       0x55 ./Core/Src/KEY.o
 .debug_rnglists
                0x00000055       0x4d ./Core/Src/main.o
 .debug_rnglists
                0x000000a2       0x39 ./Core/Src/stm32f4xx_hal_msp.o
 .debug_rnglists
                0x000000db       0x75 ./Core/Src/stm32f4xx_it.o
 .debug_rnglists
                0x00000150       0x79 ./Core/Src/syscalls.o
 .debug_rnglists
                0x000001c9       0x13 ./Core/Src/sysmem.o
 .debug_rnglists
                0x000001dc       0x1a ./Core/Src/system_stm32f4xx.o
 .debug_rnglists
                0x000001f6       0x19 ./Core/Startup/startup_stm32f411ceux.o
 .debug_rnglists
                0x0000020f       0xaf ./Drivers/STM32F4xx_HAL_Driver/Src/stm32f4xx_hal.o
 .debug_rnglists
                0x000002be       0xd4 ./Drivers/STM32F4xx_HAL_Driver/Src/stm32f4xx_hal_cortex.o
 .debug_rnglists
                0x00000392       0x70 ./Drivers/STM32F4xx_HAL_Driver/Src/stm32f4xx_hal_dma.o
 .debug_rnglists
                0x00000402       0x3f ./Drivers/STM32F4xx_HAL_Driver/Src/stm32f4xx_hal_gpio.o
 .debug_rnglists
                0x00000441       0x66 ./Drivers/STM32F4xx_HAL_Driver/Src/stm32f4xx_hal_rcc.o
 .debug_rnglists
                0x000004a7      0x16f ./Drivers/STM32F4xx_HAL_Driver/Src/stm32f4xx_hal_spi.o
 .debug_rnglists
                0x00000616      0x31a ./Drivers/STM32F4xx_HAL_Driver/Src/stm32f4xx_hal_tim.o
 .debug_rnglists
                0x00000930      0x125 ./Drivers/STM32F4xx_HAL_Driver/Src/stm32f4xx_hal_tim_ex.o
 .debug_rnglists
                0x00000a55      0x1bc ./Drivers/STM32F4xx_HAL_Driver/Src/stm32f4xx_hal_uart.o
 .debug_rnglists
                0x00000c11       0x45 ./E_ink_1_54/Config/DEV_Config.o
 .debug_rnglists
                0x00000c56       0x9b ./E_ink_1_54/GUI/GUI_Paint.o
 .debug_rnglists
                0x00000cf1       0x77 ./E_ink_1_54/e-Paper/EPD_1in54_V2.o

.debug_macro    0x00000000    0x18b4d
 .debug_macro   0x00000000      0x350 ./Core/Src/KEY.o
 .debug_macro   0x00000350      0xab4 ./Core/Src/KEY.o
 .debug_macro   0x00000e04       0x22 ./Core/Src/KEY.o
 .debug_macro   0x00000e26       0x8e ./Core/Src/KEY.o
 .debug_macro   0x00000eb4       0x51 ./Core/Src/KEY.o
 .debug_macro   0x00000f05      0x103 ./Core/Src/KEY.o
 .debug_macro   0x00001008       0x6a ./Core/Src/KEY.o
 .debug_macro   0x00001072      0x1df ./Core/Src/KEY.o
 .debug_macro   0x00001251       0x28 ./Core/Src/KEY.o
 .debug_macro   0x00001279       0x1c ./Core/Src/KEY.o
 .debug_macro   0x00001295       0x22 ./Core/Src/KEY.o
 .debug_macro   0x000012b7       0xfb ./Core/Src/KEY.o
 .debug_macro   0x000013b2     0x1011 ./Core/Src/KEY.o
 .debug_macro   0x000023c3      0x11f ./Core/Src/KEY.o
 .debug_macro   0x000024e2     0xb953 ./Core/Src/KEY.o
 .debug_macro   0x0000de35       0x52 ./Core/Src/KEY.o
 .debug_macro   0x0000de87       0x22 ./Core/Src/KEY.o
 .debug_macro   0x0000dea9       0x61 ./Core/Src/KEY.o
 .debug_macro   0x0000df0a       0x2a ./Core/Src/KEY.o
 .debug_macro   0x0000df34       0x43 ./Core/Src/KEY.o
 .debug_macro   0x0000df77       0x34 ./Core/Src/KEY.o
 .debug_macro   0x0000dfab       0x16 ./Core/Src/KEY.o
 .debug_macro   0x0000dfc1       0x9e ./Core/Src/KEY.o
 .debug_macro   0x0000e05f      0x369 ./Core/Src/KEY.o
 .debug_macro   0x0000e3c8      0x10b ./Core/Src/KEY.o
 .debug_macro   0x0000e4d3       0x10 ./Core/Src/KEY.o
 .debug_macro   0x0000e4e3       0x16 ./Core/Src/KEY.o
 .debug_macro   0x0000e4f9       0x43 ./Core/Src/KEY.o
 .debug_macro   0x0000e53c       0x34 ./Core/Src/KEY.o
 .debug_macro   0x0000e570       0x10 ./Core/Src/KEY.o
 .debug_macro   0x0000e580       0x58 ./Core/Src/KEY.o
 .debug_macro   0x0000e5d8       0x8e ./Core/Src/KEY.o
 .debug_macro   0x0000e666       0x1c ./Core/Src/KEY.o
 .debug_macro   0x0000e682      0x177 ./Core/Src/KEY.o
 .debug_macro   0x0000e7f9       0x16 ./Core/Src/KEY.o
 .debug_macro   0x0000e80f       0x16 ./Core/Src/KEY.o
 .debug_macro   0x0000e825      0x146 ./Core/Src/KEY.o
 .debug_macro   0x0000e96b       0x16 ./Core/Src/KEY.o
 .debug_macro   0x0000e981       0x35 ./Core/Src/KEY.o
 .debug_macro   0x0000e9b6       0x16 ./Core/Src/KEY.o
 .debug_macro   0x0000e9cc       0x29 ./Core/Src/KEY.o
 .debug_macro   0x0000e9f5      0x2a1 ./Core/Src/KEY.o
 .debug_macro   0x0000ec96       0x2e ./Core/Src/KEY.o
 .debug_macro   0x0000ecc4       0x6d ./Core/Src/KEY.o
 .debug_macro   0x0000ed31     0x368c ./Core/Src/KEY.o
 .debug_macro   0x000123bd       0x56 ./Core/Src/KEY.o
 .debug_macro   0x00012413      0x45c ./Core/Src/KEY.o
 .debug_macro   0x0001286f      0x9e9 ./Core/Src/KEY.o
 .debug_macro   0x00013258      0x115 ./Core/Src/KEY.o
 .debug_macro   0x0001336d      0x11b ./Core/Src/KEY.o
 .debug_macro   0x00013488       0xa5 ./Core/Src/KEY.o
 .debug_macro   0x0001352d      0x15f ./Core/Src/KEY.o
 .debug_macro   0x0001368c      0x287 ./Core/Src/KEY.o
 .debug_macro   0x00013913       0x5f ./Core/Src/KEY.o
 .debug_macro   0x00013972      0x236 ./Core/Src/KEY.o
 .debug_macro   0x00013ba8      0x132 ./Core/Src/KEY.o
 .debug_macro   0x00013cda      0x264 ./Core/Src/KEY.o
 .debug_macro   0x00013f3e       0x2e ./Core/Src/KEY.o
 .debug_macro   0x00013f6c      0x127 ./Core/Src/KEY.o
 .debug_macro   0x00014093       0x85 ./Core/Src/KEY.o
 .debug_macro   0x00014118       0x89 ./Core/Src/KEY.o
 .debug_macro   0x000141a1      0x225 ./Core/Src/KEY.o
 .debug_macro   0x000143c6      0x8ed ./Core/Src/KEY.o
 .debug_macro   0x00014cb3       0x47 ./Core/Src/KEY.o
 .debug_macro   0x00014cfa      0x2aa ./Core/Src/KEY.o
 .debug_macro   0x00014fa4      0x126 ./Core/Src/KEY.o
 .debug_macro   0x000150ca       0x52 ./Core/Src/KEY.o
 .debug_macro   0x0001511c       0x4c ./Core/Src/KEY.o
 .debug_macro   0x00015168       0x1c ./Core/Src/KEY.o
 .debug_macro   0x00015184       0x78 ./Core/Src/KEY.o
 .debug_macro   0x000151fc       0x16 ./Core/Src/KEY.o
 .debug_macro   0x00015212       0x16 ./Core/Src/KEY.o
 .debug_macro   0x00015228      0x356 ./Core/Src/main.o
 .debug_macro   0x0001557e      0x189 ./Core/Src/main.o
 .debug_macro   0x00015707       0x5c ./Core/Src/main.o
 .debug_macro   0x00015763       0x4c ./Core/Src/main.o
 .debug_macro   0x000157af      0x1e7 ./Core/Src/stm32f4xx_hal_msp.o
 .debug_macro   0x00015996      0x35a ./Core/Src/stm32f4xx_it.o
 .debug_macro   0x00015cf0       0x52 ./Core/Src/stm32f4xx_it.o
 .debug_macro   0x00015d42      0x274 ./Core/Src/syscalls.o
 .debug_macro   0x00015fb6       0x5b ./Core/Src/syscalls.o
 .debug_macro   0x00016011       0x94 ./Core/Src/syscalls.o
 .debug_macro   0x000160a5       0x57 ./Core/Src/syscalls.o
 .debug_macro   0x000160fc       0x10 ./Core/Src/syscalls.o
 .debug_macro   0x0001610c       0x10 ./Core/Src/syscalls.o
 .debug_macro   0x0001611c       0x10 ./Core/Src/syscalls.o
 .debug_macro   0x0001612c       0x10 ./Core/Src/syscalls.o
 .debug_macro   0x0001613c       0x1c ./Core/Src/syscalls.o
 .debug_macro   0x00016158       0x52 ./Core/Src/syscalls.o
 .debug_macro   0x000161aa       0x22 ./Core/Src/syscalls.o
 .debug_macro   0x000161cc       0x10 ./Core/Src/syscalls.o
 .debug_macro   0x000161dc       0x52 ./Core/Src/syscalls.o
 .debug_macro   0x0001622e       0xcf ./Core/Src/syscalls.o
 .debug_macro   0x000162fd       0x1c ./Core/Src/syscalls.o
 .debug_macro   0x00016319       0x3d ./Core/Src/syscalls.o
 .debug_macro   0x00016356       0x35 ./Core/Src/syscalls.o
 .debug_macro   0x0001638b      0x12c ./Core/Src/syscalls.o
 .debug_macro   0x000164b7       0x10 ./Core/Src/syscalls.o
 .debug_macro   0x000164c7      0x242 ./Core/Src/syscalls.o
 .debug_macro   0x00016709       0x1c ./Core/Src/syscalls.o
 .debug_macro   0x00016725       0x10 ./Core/Src/syscalls.o
 .debug_macro   0x00016735      0x18a ./Core/Src/syscalls.o
 .debug_macro   0x000168bf       0x16 ./Core/Src/syscalls.o
 .debug_macro   0x000168d5       0xce ./Core/Src/syscalls.o
 .debug_macro   0x000169a3       0xff ./Core/Src/sysmem.o
 .debug_macro   0x00016aa2      0x23c ./Core/Src/sysmem.o
 .debug_macro   0x00016cde      0x1d8 ./Core/Src/system_stm32f4xx.o
 .debug_macro   0x00016eb6      0x238 ./Drivers/STM32F4xx_HAL_Driver/Src/stm32f4xx_hal.o
 .debug_macro   0x000170ee      0x1d8 ./Drivers/STM32F4xx_HAL_Driver/Src/stm32f4xx_hal_cortex.o
 .debug_macro   0x000172c6      0x1de ./Drivers/STM32F4xx_HAL_Driver/Src/stm32f4xx_hal_dma.o
 .debug_macro   0x000174a4      0x1de ./Drivers/STM32F4xx_HAL_Driver/Src/stm32f4xx_hal_gpio.o
 .debug_macro   0x00017682      0x1fc ./Drivers/STM32F4xx_HAL_Driver/Src/stm32f4xx_hal_rcc.o
 .debug_macro   0x0001787e      0x1e7 ./Drivers/STM32F4xx_HAL_Driver/Src/stm32f4xx_hal_spi.o
 .debug_macro   0x00017a65      0x1d9 ./Drivers/STM32F4xx_HAL_Driver/Src/stm32f4xx_hal_tim.o
 .debug_macro   0x00017c3e      0x1d8 ./Drivers/STM32F4xx_HAL_Driver/Src/stm32f4xx_hal_tim_ex.o
 .debug_macro   0x00017e16      0x1d9 ./Drivers/STM32F4xx_HAL_Driver/Src/stm32f4xx_hal_uart.o
 .debug_macro   0x00017fef      0x2ce ./E_ink_1_54/Config/DEV_Config.o
 .debug_macro   0x000182bd       0x6c ./E_ink_1_54/Fonts/font16.o
 .debug_macro   0x00018329      0x364 ./E_ink_1_54/GUI/GUI_Paint.o
 .debug_macro   0x0001868d       0x16 ./E_ink_1_54/GUI/GUI_Paint.o
 .debug_macro   0x000186a3       0x20 ./E_ink_1_54/GUI/GUI_Paint.o
 .debug_macro   0x000186c3      0x19b ./E_ink_1_54/GUI/GUI_Paint.o
 .debug_macro   0x0001885e      0x2ef ./E_ink_1_54/e-Paper/EPD_1in54_V2.o

.debug_line     0x00000000    0x154d0
 .debug_line    0x00000000      0xe4f ./Core/Src/KEY.o
 .debug_line    0x00000e4f      0xde9 ./Core/Src/main.o
 .debug_line    0x00001c38      0x83e ./Core/Src/stm32f4xx_hal_msp.o
 .debug_line    0x00002476      0xdb2 ./Core/Src/stm32f4xx_it.o
 .debug_line    0x00003228      0x8b2 ./Core/Src/syscalls.o
 .debug_line    0x00003ada      0x583 ./Core/Src/sysmem.o