../Core/Src/KEY.c:41:6:KEY_Init	8	static
../Core/Src/KEY.c:63:6:KEY_Press_Button	24	static
../Core/Src/KEY.c:100:13:KEY_Send_Command	24	static
../Core/Src/KEY.c:112:6:KEY_ReciveData	8	static
../Core/Src/KEY.c:117:6:KEY_Request_state	16	static
../Core/Src/KEY.c:124:6:KEY_Event	24	static
../Core/Src/KEY.c:150:13:KEY_Error_Handler	16	static
../Core/Src/KEY.c:167:13:KEY_Flag_State_Handler	24	static
../Core/Src/KEY.c:234:13:KEY_Data_Handler	32	static
../Core/Src/KEY.c:264:6:UART_Transmit	40	static
../Core/Src/KEY.c:291:6:UART_Receive	32	static
