../Drivers/CMSIS/Include/core_cm4.h:1684:22:__NVIC_EnableIRQ	16	static,ignoring_inline_asm
../Drivers/CMSIS/Include/core_cm4.h:1722:22:__NVIC_DisableIRQ	16	static,ignoring_inline_asm
../Drivers/CMSIS/Include/core_cm4.h:1814:22:__NVIC_SetPriority	16	static
../Core/Src/main.c:79:5:main	24	static
../Core/Src/main.c:194:6:SystemClock_Config	88	static
../Core/Src/main.c:240:13:MX_SPI1_Init	8	static
../Core/Src/main.c:278:13:MX_TIM2_Init	32	static
../Core/Src/main.c:323:13:MX_USART1_UART_Init	8	static
../Core/Src/main.c:356:13:MX_GPIO_Init	48	static
../Core/Src/main.c:468:6:Error_Handler	4	static,ignoring_inline_asm
